[    0.000000] Linux version 6.8.0-45-generic (buildd@lcy02-amd64-075) (x86_64-linux-gnu-gcc-12 (Ubuntu 12.3.0-1ubuntu1~22.04) 12.3.0, GNU ld (GNU Binutils for Ubuntu) 2.38) #45~22.04.1-Ubuntu SMP PREEMPT_DYNAMIC Wed Sep 11 15:25:05 UTC 2 (Ubuntu 6.8.0-45.45~22.04.1-generic 6.8.12)
[    0.000000] Command line: BOOT_IMAGE=/boot/vmlinuz-6.8.0-45-generic root=UUID=ed043098-de14-4d2e-bd6f-8f06b174ed54 ro quiet splash usbcore.autosuspend=-1 vt.handoff=7
[    0.000000] KERNEL supported cpus:
[    0.000000]   Intel GenuineIntel
[    0.000000]   AMD AuthenticAMD
[    0.000000]   Hygon HygonGenuine
[    0.000000]   Centaur CentaurHauls
[    0.000000]   zhaoxin   Shanghai  
[    0.000000] BIOS-provided physical RAM map:
[    0.000000] BIOS-e820: [mem 0x0000000000000000-0x000000000009ffff] usable
[    0.000000] BIOS-e820: [mem 0x00000000000a0000-0x00000000000fffff] reserved
[    0.000000] BIOS-e820: [mem 0x0000000000100000-0x0000000009ccefff] usable
[    0.000000] BIOS-e820: [mem 0x0000000009ccf000-0x0000000009ffffff] reserved
[    0.000000] BIOS-e820: [mem 0x000000000a000000-0x000000000a1fffff] usable
[    0.000000] BIOS-e820: [mem 0x000000000a200000-0x000000000a20afff] ACPI NVS
[    0.000000] BIOS-e820: [mem 0x000000000a20b000-0x000000000affffff] usable
[    0.000000] BIOS-e820: [mem 0x000000000b000000-0x000000000b01ffff] reserved
[    0.000000] BIOS-e820: [mem 0x000000000b020000-0x00000000baea7fff] usable
[    0.000000] BIOS-e820: [mem 0x00000000baea8000-0x00000000bc5e3fff] reserved
[    0.000000] BIOS-e820: [mem 0x00000000bc5e4000-0x00000000bc742fff] ACPI data
[    0.000000] BIOS-e820: [mem 0x00000000bc743000-0x00000000bcdfdfff] ACPI NVS
[    0.000000] BIOS-e820: [mem 0x00000000bcdfe000-0x00000000bdbfefff] reserved
[    0.000000] BIOS-e820: [mem 0x00000000bdbff000-0x00000000beffffff] usable
[    0.000000] BIOS-e820: [mem 0x00000000bf000000-0x00000000bfffffff] reserved
[    0.000000] BIOS-e820: [mem 0x00000000f0000000-0x00000000f7ffffff] reserved
[    0.000000] BIOS-e820: [mem 0x00000000fd100000-0x00000000fd1fffff] reserved
[    0.000000] BIOS-e820: [mem 0x00000000fea00000-0x00000000fea0ffff] reserved
[    0.000000] BIOS-e820: [mem 0x00000000feb80000-0x00000000fec01fff] reserved
[    0.000000] BIOS-e820: [mem 0x00000000fec10000-0x00000000fec10fff] reserved
[    0.000000] BIOS-e820: [mem 0x00000000fec30000-0x00000000fec30fff] reserved
[    0.000000] BIOS-e820: [mem 0x00000000fed00000-0x00000000fed00fff] reserved
[    0.000000] BIOS-e820: [mem 0x00000000fed40000-0x00000000fed44fff] reserved
[    0.000000] BIOS-e820: [mem 0x00000000fed80000-0x00000000fed8ffff] reserved
[    0.000000] BIOS-e820: [mem 0x00000000fedc2000-0x00000000fedcffff] reserved
[    0.000000] BIOS-e820: [mem 0x00000000fedd4000-0x00000000fedd5fff] reserved
[    0.000000] BIOS-e820: [mem 0x00000000ff000000-0x00000000ffffffff] reserved
[    0.000000] BIOS-e820: [mem 0x0000000100000000-0x000000043f37ffff] usable
[    0.000000] BIOS-e820: [mem 0x000000043f380000-0x000000043fffffff] reserved
[    0.000000] NX (Execute Disable) protection: active
[    0.000000] APIC: Static calls initialized
[    0.000000] e820: update [mem 0xb6893018-0xb68a1057] usable ==> usable
[    0.000000] e820: update [mem 0xb6893018-0xb68a1057] usable ==> usable
[    0.000000] e820: update [mem 0xb6872018-0xb6892257] usable ==> usable
[    0.000000] e820: update [mem 0xb6872018-0xb6892257] usable ==> usable
[    0.000000] extended physical RAM map:
[    0.000000] reserve setup_data: [mem 0x0000000000000000-0x000000000009ffff] usable
[    0.000000] reserve setup_data: [mem 0x00000000000a0000-0x00000000000fffff] reserved
[    0.000000] reserve setup_data: [mem 0x0000000000100000-0x0000000009ccefff] usable
[    0.000000] reserve setup_data: [mem 0x0000000009ccf000-0x0000000009ffffff] reserved
[    0.000000] reserve setup_data: [mem 0x000000000a000000-0x000000000a1fffff] usable
[    0.000000] reserve setup_data: [mem 0x000000000a200000-0x000000000a20afff] ACPI NVS
[    0.000000] reserve setup_data: [mem 0x000000000a20b000-0x000000000affffff] usable
[    0.000000] reserve setup_data: [mem 0x000000000b000000-0x000000000b01ffff] reserved
[    0.000000] reserve setup_data: [mem 0x000000000b020000-0x00000000b6872017] usable
[    0.000000] reserve setup_data: [mem 0x00000000b6872018-0x00000000b6892257] usable
[    0.000000] reserve setup_data: [mem 0x00000000b6892258-0x00000000b6893017] usable
[    0.000000] reserve setup_data: [mem 0x00000000b6893018-0x00000000b68a1057] usable
[    0.000000] reserve setup_data: [mem 0x00000000b68a1058-0x00000000baea7fff] usable
[    0.000000] reserve setup_data: [mem 0x00000000baea8000-0x00000000bc5e3fff] reserved
[    0.000000] reserve setup_data: [mem 0x00000000bc5e4000-0x00000000bc742fff] ACPI data
[    0.000000] reserve setup_data: [mem 0x00000000bc743000-0x00000000bcdfdfff] ACPI NVS
[    0.000000] reserve setup_data: [mem 0x00000000bcdfe000-0x00000000bdbfefff] reserved
[    0.000000] reserve setup_data: [mem 0x00000000bdbff000-0x00000000beffffff] usable
[    0.000000] reserve setup_data: [mem 0x00000000bf000000-0x00000000bfffffff] reserved
[    0.000000] reserve setup_data: [mem 0x00000000f0000000-0x00000000f7ffffff] reserved
[    0.000000] reserve setup_data: [mem 0x00000000fd100000-0x00000000fd1fffff] reserved
[    0.000000] reserve setup_data: [mem 0x00000000fea00000-0x00000000fea0ffff] reserved
[    0.000000] reserve setup_data: [mem 0x00000000feb80000-0x00000000fec01fff] reserved
[    0.000000] reserve setup_data: [mem 0x00000000fec10000-0x00000000fec10fff] reserved
[    0.000000] reserve setup_data: [mem 0x00000000fec30000-0x00000000fec30fff] reserved
[    0.000000] reserve setup_data: [mem 0x00000000fed00000-0x00000000fed00fff] reserved
[    0.000000] reserve setup_data: [mem 0x00000000fed40000-0x00000000fed44fff] reserved
[    0.000000] reserve setup_data: [mem 0x00000000fed80000-0x00000000fed8ffff] reserved
[    0.000000] reserve setup_data: [mem 0x00000000fedc2000-0x00000000fedcffff] reserved
[    0.000000] reserve setup_data: [mem 0x00000000fedd4000-0x00000000fedd5fff] reserved
[    0.000000] reserve setup_data: [mem 0x00000000ff000000-0x00000000ffffffff] reserved
[    0.000000] reserve setup_data: [mem 0x0000000100000000-0x000000043f37ffff] usable
[    0.000000] reserve setup_data: [mem 0x000000043f380000-0x000000043fffffff] reserved
[    0.000000] efi: EFI v2.7 by American Megatrends
[    0.000000] efi: ACPI=0xbcde7000 ACPI 2.0=0xbcde7014 TPMFinalLog=0xbcdb2000 SMBIOS=0xbda25000 SMBIOS 3.0=0xbda24000 MEMATTR=0xb7674118 ESRT=0xb8f60e18 MOKvar=0xbda53000 RNG=0xbc629018 TPMEventLog=0xb6ab2018 
[    0.000000] random: crng init done
[    0.000000] efi: Remove mem313: MMIO range=[0xf0000000-0xf7ffffff] (128MB) from e820 map
[    0.000000] e820: remove [mem 0xf0000000-0xf7ffffff] reserved
[    0.000000] efi: Remove mem314: MMIO range=[0xfd100000-0xfd1fffff] (1MB) from e820 map
[    0.000000] e820: remove [mem 0xfd100000-0xfd1fffff] reserved
[    0.000000] efi: Not removing mem315: MMIO range=[0xfea00000-0xfea0ffff] (64KB) from e820 map
[    0.000000] efi: Remove mem316: MMIO range=[0xfeb80000-0xfec01fff] (0MB) from e820 map
[    0.000000] e820: remove [mem 0xfeb80000-0xfec01fff] reserved
[    0.000000] efi: Not removing mem317: MMIO range=[0xfec10000-0xfec10fff] (4KB) from e820 map
[    0.000000] efi: Not removing mem318: MMIO range=[0xfec30000-0xfec30fff] (4KB) from e820 map
[    0.000000] efi: Not removing mem319: MMIO range=[0xfed00000-0xfed00fff] (4KB) from e820 map
[    0.000000] efi: Not removing mem320: MMIO range=[0xfed40000-0xfed44fff] (20KB) from e820 map
[    0.000000] efi: Not removing mem321: MMIO range=[0xfed80000-0xfed8ffff] (64KB) from e820 map
[    0.000000] efi: Not removing mem322: MMIO range=[0xfedc2000-0xfedcffff] (56KB) from e820 map
[    0.000000] efi: Not removing mem323: MMIO range=[0xfedd4000-0xfedd5fff] (8KB) from e820 map
[    0.000000] efi: Remove mem324: MMIO range=[0xff000000-0xffffffff] (16MB) from e820 map
[    0.000000] e820: remove [mem 0xff000000-0xffffffff] reserved
[    0.000000] secureboot: Secure boot disabled
[    0.000000] SMBIOS 3.3.0 present.
[    0.000000] DMI: Gigabyte Technology Co., Ltd. B450M K/B450M K-CF, BIOS FA 09/22/2023
[    0.000000] tsc: Fast TSC calibration using PIT
[    0.000000] tsc: Detected 3593.205 MHz processor
[    0.000686] e820: update [mem 0x00000000-0x00000fff] usable ==> reserved
[    0.000689] e820: remove [mem 0x000a0000-0x000fffff] usable
[    0.000700] last_pfn = 0x43f380 max_arch_pfn = 0x400000000
[    0.000705] MTRR map: 5 entries (3 fixed + 2 variable; max 20), built from 9 variable MTRRs
[    0.000708] x86/PAT: Configuration [0-7]: WB  WC  UC- UC  WB  WP  UC- WT  
[    0.000881] e820: update [mem 0xc0000000-0xffffffff] usable ==> reserved
[    0.000890] last_pfn = 0xbf000 max_arch_pfn = 0x400000000
[    0.004482] esrt: Reserving ESRT space from 0x00000000b8f60e18 to 0x00000000b8f60e50.
[    0.004490] e820: update [mem 0xb8f60000-0xb8f60fff] usable ==> reserved
[    0.004538] Using GB pages for direct mapping
[    0.005142] secureboot: Secure boot disabled
[    0.005142] RAMDISK: [mem 0xb1a3f000-0xb5ef0fff]
[    0.005149] ACPI: Early table checksum verification disabled
[    0.005153] ACPI: RSDP 0x00000000BCDE7014 000024 (v02 ALASKA)
[    0.005157] ACPI: XSDT 0x00000000BCDE6728 0000D4 (v01 ALASKA A M I    01072009 AMI  01000013)
[    0.005162] ACPI: FACP 0x00000000BC729000 000114 (v06 ALASKA A M I    01072009 AMI  00010013)
[    0.005167] ACPI: DSDT 0x00000000BC723000 005ED0 (v02 ALASKA A M I    01072009 INTL 20190509)
[    0.005171] ACPI: FACS 0x00000000BCDB0000 000040
[    0.005173] ACPI: SSDT 0x00000000BC738000 00AC2A (v02 GBT    GSWApp   00000001 INTL 20190509)
[    0.005177] ACPI: SSDT 0x00000000BC72F000 008C98 (v02 AMD    AmdTable 00000002 MSFT 04000000)
[    0.005180] ACPI: SSDT 0x00000000BC72B000 003D7C (v02 AMD    AMD AOD  00000001 INTL 20190509)
[    0.005183] ACPI: SSDT 0x00000000BC72A000 0000C8 (v02 ALASKA CPUSSDT  01072009 AMI  01072009)
[    0.005186] ACPI: FIDT 0x00000000BC722000 00009C (v01 ALASKA A M I    01072009 AMI  00010013)
[    0.005189] ACPI: MCFG 0x00000000BC721000 00003C (v01 ALASKA A M I    01072009 MSFT 00010013)
[    0.005192] ACPI: HPET 0x00000000BC720000 000038 (v01 ALASKA A M I    01072009 AMI  00000005)
[    0.005194] ACPI: SSDT 0x00000000BC71F000 000024 (v01 AMD    FCHZP    00001000 INTL 20190509)
[    0.005197] ACPI: FPDT 0x00000000BC71E000 000044 (v01 ALASKA A M I    01072009 AMI  01000013)
[    0.005200] ACPI: BGRT 0x00000000BC71D000 000038 (v01 ALASKA A M I    01072009 AMI  00010013)
[    0.005203] ACPI: TPM2 0x00000000BC71C000 00004C (v04 ALASKA A M I    00000001 AMI  00000000)
[    0.005206] ACPI: IVRS 0x00000000BC71B000 0000D0 (v02 AMD    AmdTable 00000001 AMD  00000000)
[    0.005209] ACPI: SSDT 0x00000000BC719000 001A58 (v02 AMD    AmdTable 00000001 AMD  00000001)
[    0.005212] ACPI: CRAT 0x00000000BC718000 000BD0 (v01 AMD    AmdTable 00000001 AMD  00000001)
[    0.005215] ACPI: CDIT 0x00000000BC717000 000029 (v01 AMD    AmdTable 00000001 AMD  00000001)
[    0.005218] ACPI: WPBT 0x00000000BC633000 000038 (v01 ALASKA A M I    00000001 GBT  20181220)
[    0.005220] ACPI: SSDT 0x00000000BC62F000 003A23 (v02 AMD    MYRTLE   00000001 INTL 20190509)
[    0.005223] ACPI: SSDT 0x00000000BC62E000 0000BF (v01 AMD    AmdTable 00001000 INTL 20190509)
[    0.005226] ACPI: WSMT 0x00000000BC62D000 000028 (v01 ALASKA A M I    01072009 AMI  00010013)
[    0.005229] ACPI: APIC 0x00000000BC62C000 00015E (v04 ALASKA A M I    01072009 AMI  00010013)
[    0.005232] ACPI: SSDT 0x00000000BC62A000 00147F (v02 AMD    MYRTLE   00000001 INTL 20190509)
[    0.005234] ACPI: Reserving FACP table memory at [mem 0xbc729000-0xbc729113]
[    0.005236] ACPI: Reserving DSDT table memory at [mem 0xbc723000-0xbc728ecf]
[    0.005237] ACPI: Reserving FACS table memory at [mem 0xbcdb0000-0xbcdb003f]
[    0.005238] ACPI: Reserving SSDT table memory at [mem 0xbc738000-0xbc742c29]
[    0.005239] ACPI: Reserving SSDT table memory at [mem 0xbc72f000-0xbc737c97]
[    0.005240] ACPI: Reserving SSDT table memory at [mem 0xbc72b000-0xbc72ed7b]
[    0.005240] ACPI: Reserving SSDT table memory at [mem 0xbc72a000-0xbc72a0c7]
[    0.005241] ACPI: Reserving FIDT table memory at [mem 0xbc722000-0xbc72209b]
[    0.005242] ACPI: Reserving MCFG table memory at [mem 0xbc721000-0xbc72103b]
[    0.005243] ACPI: Reserving HPET table memory at [mem 0xbc720000-0xbc720037]
[    0.005244] ACPI: Reserving SSDT table memory at [mem 0xbc71f000-0xbc71f023]
[    0.005245] ACPI: Reserving FPDT table memory at [mem 0xbc71e000-0xbc71e043]
[    0.005246] ACPI: Reserving BGRT table memory at [mem 0xbc71d000-0xbc71d037]
[    0.005247] ACPI: Reserving TPM2 table memory at [mem 0xbc71c000-0xbc71c04b]
[    0.005248] ACPI: Reserving IVRS table memory at [mem 0xbc71b000-0xbc71b0cf]
[    0.005248] ACPI: Reserving SSDT table memory at [mem 0xbc719000-0xbc71aa57]
[    0.005249] ACPI: Reserving CRAT table memory at [mem 0xbc718000-0xbc718bcf]
[    0.005250] ACPI: Reserving CDIT table memory at [mem 0xbc717000-0xbc717028]
[    0.005251] ACPI: Reserving WPBT table memory at [mem 0xbc633000-0xbc633037]
[    0.005252] ACPI: Reserving SSDT table memory at [mem 0xbc62f000-0xbc632a22]
[    0.005253] ACPI: Reserving SSDT table memory at [mem 0xbc62e000-0xbc62e0be]
[    0.005254] ACPI: Reserving WSMT table memory at [mem 0xbc62d000-0xbc62d027]
[    0.005255] ACPI: Reserving APIC table memory at [mem 0xbc62c000-0xbc62c15d]
[    0.005256] ACPI: Reserving SSDT table memory at [mem 0xbc62a000-0xbc62b47e]
[    0.005439] No NUMA configuration found
[    0.005440] Faking a node at [mem 0x0000000000000000-0x000000043f37ffff]
[    0.005449] NODE_DATA(0) allocated [mem 0x43f355000-0x43f37ffff]
[    0.005632] Zone ranges:
[    0.005632]   DMA      [mem 0x0000000000001000-0x0000000000ffffff]
[    0.005634]   DMA32    [mem 0x0000000001000000-0x00000000ffffffff]
[    0.005635]   Normal   [mem 0x0000000100000000-0x000000043f37ffff]
[    0.005637]   Device   empty
[    0.005638] Movable zone start for each node
[    0.005640] Early memory node ranges
[    0.005641]   node   0: [mem 0x0000000000001000-0x000000000009ffff]
[    0.005642]   node   0: [mem 0x0000000000100000-0x0000000009ccefff]
[    0.005643]   node   0: [mem 0x000000000a000000-0x000000000a1fffff]
[    0.005644]   node   0: [mem 0x000000000a20b000-0x000000000affffff]
[    0.005645]   node   0: [mem 0x000000000b020000-0x00000000baea7fff]
[    0.005646]   node   0: [mem 0x00000000bdbff000-0x00000000beffffff]
[    0.005647]   node   0: [mem 0x0000000100000000-0x000000043f37ffff]
[    0.005649] Initmem setup node 0 [mem 0x0000000000001000-0x000000043f37ffff]
[    0.005654] On node 0, zone DMA: 1 pages in unavailable ranges
[    0.005672] On node 0, zone DMA: 96 pages in unavailable ranges
[    0.005833] On node 0, zone DMA32: 817 pages in unavailable ranges
[    0.005848] On node 0, zone DMA32: 11 pages in unavailable ranges
[    0.011712] On node 0, zone DMA32: 32 pages in unavailable ranges
[    0.011878] On node 0, zone DMA32: 11607 pages in unavailable ranges
[    0.040795] On node 0, zone Normal: 4096 pages in unavailable ranges
[    0.040834] On node 0, zone Normal: 3200 pages in unavailable ranges
[    0.041191] ACPI: PM-Timer IO Port: 0x808
[    0.041202] ACPI: LAPIC_NMI (acpi_id[0xff] high edge lint[0x1])
[    0.041220] IOAPIC[0]: apic_id 13, version 33, address 0xfec00000, GSI 0-23
[    0.041225] IOAPIC[1]: apic_id 14, version 33, address 0xfec01000, GSI 24-55
[    0.041228] ACPI: INT_SRC_OVR (bus 0 bus_irq 0 global_irq 2 dfl dfl)
[    0.041230] ACPI: INT_SRC_OVR (bus 0 bus_irq 9 global_irq 9 low level)
[    0.041234] ACPI: Using ACPI (MADT) for SMP configuration information
[    0.041235] ACPI: HPET id: 0x10228201 base: 0xfed00000
[    0.041247] e820: update [mem 0xb7051000-0xb7095fff] usable ==> reserved
[    0.041262] smpboot: Allowing 32 CPUs, 20 hotplug CPUs
[    0.041286] PM: hibernation: Registered nosave memory: [mem 0x00000000-0x00000fff]
[    0.041288] PM: hibernation: Registered nosave memory: [mem 0x000a0000-0x000fffff]
[    0.041289] PM: hibernation: Registered nosave memory: [mem 0x09ccf000-0x09ffffff]
[    0.041291] PM: hibernation: Registered nosave memory: [mem 0x0a200000-0x0a20afff]
[    0.041293] PM: hibernation: Registered nosave memory: [mem 0x0b000000-0x0b01ffff]
[    0.041294] PM: hibernation: Registered nosave memory: [mem 0xb6872000-0xb6872fff]
[    0.041296] PM: hibernation: Registered nosave memory: [mem 0xb6892000-0xb6892fff]
[    0.041297] PM: hibernation: Registered nosave memory: [mem 0xb6893000-0xb6893fff]
[    0.041299] PM: hibernation: Registered nosave memory: [mem 0xb68a1000-0xb68a1fff]
[    0.041300] PM: hibernation: Registered nosave memory: [mem 0xb7051000-0xb7095fff]
[    0.041302] PM: hibernation: Registered nosave memory: [mem 0xb8f60000-0xb8f60fff]
[    0.041304] PM: hibernation: Registered nosave memory: [mem 0xbaea8000-0xbc5e3fff]
[    0.041304] PM: hibernation: Registered nosave memory: [mem 0xbc5e4000-0xbc742fff]
[    0.041305] PM: hibernation: Registered nosave memory: [mem 0xbc743000-0xbcdfdfff]
[    0.041306] PM: hibernation: Registered nosave memory: [mem 0xbcdfe000-0xbdbfefff]
[    0.041308] PM: hibernation: Registered nosave memory: [mem 0xbf000000-0xbfffffff]
[    0.041309] PM: hibernation: Registered nosave memory: [mem 0xc0000000-0xfe9fffff]
[    0.041309] PM: hibernation: Registered nosave memory: [mem 0xfea00000-0xfea0ffff]
[    0.041310] PM: hibernation: Registered nosave memory: [mem 0xfea10000-0xfec0ffff]
[    0.041311] PM: hibernation: Registered nosave memory: [mem 0xfec10000-0xfec10fff]
[    0.041312] PM: hibernation: Registered nosave memory: [mem 0xfec11000-0xfec2ffff]
[    0.041312] PM: hibernation: Registered nosave memory: [mem 0xfec30000-0xfec30fff]
[    0.041313] PM: hibernation: Registered nosave memory: [mem 0xfec31000-0xfecfffff]
[    0.041314] PM: hibernation: Registered nosave memory: [mem 0xfed00000-0xfed00fff]
[    0.041315] PM: hibernation: Registered nosave memory: [mem 0xfed01000-0xfed3ffff]
[    0.041316] PM: hibernation: Registered nosave memory: [mem 0xfed40000-0xfed44fff]
[    0.041316] PM: hibernation: Registered nosave memory: [mem 0xfed45000-0xfed7ffff]
[    0.041317] PM: hibernation: Registered nosave memory: [mem 0xfed80000-0xfed8ffff]
[    0.041318] PM: hibernation: Registered nosave memory: [mem 0xfed90000-0xfedc1fff]
[    0.041319] PM: hibernation: Registered nosave memory: [mem 0xfedc2000-0xfedcffff]
[    0.041319] PM: hibernation: Registered nosave memory: [mem 0xfedd0000-0xfedd3fff]
[    0.041320] PM: hibernation: Registered nosave memory: [mem 0xfedd4000-0xfedd5fff]
[    0.041321] PM: hibernation: Registered nosave memory: [mem 0xfedd6000-0xffffffff]
[    0.041323] [mem 0xc0000000-0xfe9fffff] available for PCI devices
[    0.041324] Booting paravirtualized kernel on bare hardware
[    0.041327] clocksource: refined-jiffies: mask: 0xffffffff max_cycles: 0xffffffff, max_idle_ns: 1910969940391419 ns
[    0.041335] setup_percpu: NR_CPUS:8192 nr_cpumask_bits:32 nr_cpu_ids:32 nr_node_ids:1
[    0.044449] percpu: Embedded 86 pages/cpu s229376 r8192 d114688 u524288
[    0.044466] pcpu-alloc: s229376 r8192 d114688 u524288 alloc=1*2097152
[    0.044468] pcpu-alloc: [0] 00 01 02 03 [0] 04 05 06 07 
[    0.044474] pcpu-alloc: [0] 08 09 10 11 [0] 12 13 14 15 
[    0.044480] pcpu-alloc: [0] 16 17 18 19 [0] 20 21 22 23 
[    0.044485] pcpu-alloc: [0] 24 25 26 27 [0] 28 29 30 31 
[    0.044514] Kernel command line: BOOT_IMAGE=/boot/vmlinuz-6.8.0-45-generic root=UUID=ed043098-de14-4d2e-bd6f-8f06b174ed54 ro quiet splash usbcore.autosuspend=-1 vt.handoff=7
[    0.044611] Unknown kernel command line parameters "splash BOOT_IMAGE=/boot/vmlinuz-6.8.0-45-generic", will be passed to user space.
[    0.046888] Dentry cache hash table entries: 2097152 (order: 12, 16777216 bytes, linear)
[    0.047986] Inode-cache hash table entries: 1048576 (order: 11, 8388608 bytes, linear)
[    0.048233] Fallback order for Node 0: 0 
[    0.048244] Built 1 zonelists, mobility grouping on.  Total pages: 4109057
[    0.048246] Policy zone: Normal
[    0.048255] mem auto-init: stack:all(zero), heap alloc:on, heap free:off
[    0.048323] software IO TLB: area num 32.
[    0.104444] Memory: 16141712K/16697776K available (22528K kernel code, 4438K rwdata, 13892K rodata, 4972K init, 4740K bss, 555804K reserved, 0K cma-reserved)
[    0.105702] SLUB: HWalign=64, Order=0-3, MinObjects=0, CPUs=32, Nodes=1
[    0.105738] ftrace: allocating 57895 entries in 227 pages
[    0.114819] ftrace: allocated 227 pages with 5 groups
[    0.115616] Dynamic Preempt: voluntary
[    0.115785] rcu: Preemptible hierarchical RCU implementation.
[    0.115787] rcu: 	RCU restricting CPUs from NR_CPUS=8192 to nr_cpu_ids=32.
[    0.115788] 	Trampoline variant of Tasks RCU enabled.
[    0.115788] 	Rude variant of Tasks RCU enabled.
[    0.115789] 	Tracing variant of Tasks RCU enabled.
[    0.115790] rcu: RCU calculated value of scheduler-enlistment delay is 100 jiffies.
[    0.115790] rcu: Adjusting geometry for rcu_fanout_leaf=16, nr_cpu_ids=32
[    0.118348] NR_IRQS: 524544, nr_irqs: 1224, preallocated irqs: 16
[    0.118577] rcu: srcu_init: Setting srcu_struct sizes based on contention.
[    0.118773] Console: colour dummy device 80x25
[    0.118776] printk: legacy console [tty0] enabled
[    0.118858] ACPI: Core revision 20230628
[    0.119052] clocksource: hpet: mask: 0xffffffff max_cycles: 0xffffffff, max_idle_ns: 133484873504 ns
[    0.119085] APIC: Switch to symmetric I/O mode setup
[    0.120044] AMD-Vi: Using global IVHD EFR:0xf77ef22294ada, EFR2:0x0
[    0.120393] APIC: Switched APIC routing to: physical flat
[    0.121181] ..TIMER: vector=0x30 apic1=0 pin1=2 apic2=-1 pin2=-1
[    0.126084] clocksource: tsc-early: mask: 0xffffffffffffffff max_cycles: 0x33cb404baa2, max_idle_ns: 440795318712 ns
[    0.126089] Calibrating delay loop (skipped), value calculated using timer frequency.. 7186.41 BogoMIPS (lpj=3593205)
[    0.126098] AMD Zen1 DIV0 bug detected. Disable SMT for full protection.
[    0.126101] SVM disabled (by BIOS) in MSR_VM_CR
[    0.126129] LVT offset 1 assigned for vector 0xf9
[    0.126192] LVT offset 2 assigned for vector 0xf4
[    0.126207] process: using mwait in idle threads
[    0.126208] Last level iTLB entries: 4KB 1024, 2MB 1024, 4MB 512
[    0.126210] Last level dTLB entries: 4KB 1536, 2MB 1536, 4MB 768, 1GB 0
[    0.126213] Spectre V1 : Mitigation: usercopy/swapgs barriers and __user pointer sanitization
[    0.126215] Spectre V2 : Mitigation: Retpolines
[    0.126215] Spectre V2 : Spectre v2 / SpectreRSB mitigation: Filling RSB on context switch
[    0.126216] Spectre V2 : Spectre v2 / SpectreRSB : Filling RSB on VMEXIT
[    0.126217] Spectre V2 : Enabling Speculation Barrier for firmware calls
[    0.126218] RETBleed: Mitigation: untrained return thunk
[    0.126220] Spectre V2 : mitigation: Enabling conditional Indirect Branch Prediction Barrier
[    0.126221] Speculative Store Bypass: Mitigation: Speculative Store Bypass disabled via prctl
[    0.126223] Speculative Return Stack Overflow: Mitigation: Safe RET
[    0.126227] x86/fpu: Supporting XSAVE feature 0x001: 'x87 floating point registers'
[    0.126228] x86/fpu: Supporting XSAVE feature 0x002: 'SSE registers'
[    0.126229] x86/fpu: Supporting XSAVE feature 0x004: 'AVX registers'
[    0.126230] x86/fpu: xstate_offset[2]:  576, xstate_sizes[2]:  256
[    0.126231] x86/fpu: Enabled xstate features 0x7, context size is 832 bytes, using 'compacted' format.
[    0.153328] Freeing SMP alternatives memory: 48K
[    0.153335] pid_max: default: 32768 minimum: 301
[    0.158158] LSM: initializing lsm=lockdown,capability,landlock,yama,apparmor,integrity
[    0.158184] landlock: Up and running.
[    0.158186] Yama: becoming mindful.
[    0.158237] AppArmor: AppArmor initialized
[    0.158327] Mount-cache hash table entries: 32768 (order: 6, 262144 bytes, linear)
[    0.158352] Mountpoint-cache hash table entries: 32768 (order: 6, 262144 bytes, linear)
[    0.261756] smpboot: CPU0: AMD Ryzen 5 2600X Six-Core Processor (family: 0x17, model: 0x8, stepping: 0x2)
[    0.261984] RCU Tasks: Setting shift to 5 and lim to 1 rcu_task_cb_adjust=1.
[    0.262008] RCU Tasks Rude: Setting shift to 5 and lim to 1 rcu_task_cb_adjust=1.
[    0.262032] RCU Tasks Trace: Setting shift to 5 and lim to 1 rcu_task_cb_adjust=1.
[    0.262053] Performance Events: Fam17h+ core perfctr, AMD PMU driver.
[    0.262059] ... version:                0
[    0.262061] ... bit width:              48
[    0.262062] ... generic registers:      6
[    0.262064] ... value mask:             0000ffffffffffff
[    0.262065] ... max period:             00007fffffffffff
[    0.262067] ... fixed-purpose events:   0
[    0.262068] ... event mask:             000000000000003f
[    0.262087] signal: max sigframe size: 1776
[    0.262087] rcu: Hierarchical SRCU implementation.
[    0.262087] rcu: 	Max phase no-delay instances is 400.
[    0.265854] NMI watchdog: Enabled. Permanently consumes one hw-PMU counter.
[    0.266182] smp: Bringing up secondary CPUs ...
[    0.266324] smpboot: x86: Booting SMP configuration:
[    0.266326] .... node  #0, CPUs:        #1  #2  #3  #4  #5  #6  #7  #8  #9 #10 #11
[    0.304235] smp: Brought up 1 node, 12 CPUs
[    0.304263] smpboot: Max logical packages: 3
[    0.304273] smpboot: Total of 12 processors activated (86236.92 BogoMIPS)
[    0.306772] devtmpfs: initialized
[    0.306772] x86/mm: Memory block size: 128MB
[    0.309805] ACPI: PM: Registering ACPI NVS region [mem 0x0a200000-0x0a20afff] (45056 bytes)
[    0.309805] ACPI: PM: Registering ACPI NVS region [mem 0xbc743000-0xbcdfdfff] (7057408 bytes)
[    0.310106] clocksource: jiffies: mask: 0xffffffff max_cycles: 0xffffffff, max_idle_ns: 1911260446275000 ns
[    0.310138] futex hash table entries: 8192 (order: 7, 524288 bytes, linear)
[    0.310283] pinctrl core: initialized pinctrl subsystem
[    0.310429] PM: RTC time: 11:36:34, date: 2024-10-16
[    0.311014] NET: Registered PF_NETLINK/PF_ROUTE protocol family
[    0.311378] DMA: preallocated 2048 KiB GFP_KERNEL pool for atomic allocations
[    0.311595] DMA: preallocated 2048 KiB GFP_KERNEL|GFP_DMA pool for atomic allocations
[    0.311847] DMA: preallocated 2048 KiB GFP_KERNEL|GFP_DMA32 pool for atomic allocations
[    0.311868] audit: initializing netlink subsys (disabled)
[    0.311883] audit: type=2000 audit(1729078593.191:1): state=initialized audit_enabled=0 res=1
[    0.312125] thermal_sys: Registered thermal governor 'fair_share'
[    0.312127] thermal_sys: Registered thermal governor 'bang_bang'
[    0.312129] thermal_sys: Registered thermal governor 'step_wise'
[    0.312131] thermal_sys: Registered thermal governor 'user_space'
[    0.312132] thermal_sys: Registered thermal governor 'power_allocator'
[    0.312143] EISA bus registered
[    0.312166] cpuidle: using governor ladder
[    0.312166] cpuidle: using governor menu
[    0.312248] acpiphp: ACPI Hot Plug PCI Controller Driver version: 0.5
[    0.312457] PCI: ECAM [mem 0xf0000000-0xf7ffffff] (base 0xf0000000) for domain 0000 [bus 00-7f]
[    0.312476] PCI: Using configuration type 1 for base access
[    0.312703] kprobes: kprobe jump-optimization is enabled. All kprobes are optimized if possible.
[    0.313123] HugeTLB: registered 1.00 GiB page size, pre-allocated 0 pages
[    0.313124] HugeTLB: 16380 KiB vmemmap can be freed for a 1.00 GiB page
[    0.313126] HugeTLB: registered 2.00 MiB page size, pre-allocated 0 pages
[    0.313128] HugeTLB: 28 KiB vmemmap can be freed for a 2.00 MiB page
[    0.313268] ACPI: Added _OSI(Module Device)
[    0.313270] ACPI: Added _OSI(Processor Device)
[    0.313272] ACPI: Added _OSI(3.0 _SCP Extensions)
[    0.313274] ACPI: Added _OSI(Processor Aggregator Device)
[    0.347483] ACPI: 10 ACPI AML tables successfully acquired and loaded
[    0.351424] ACPI: [Firmware Bug]: BIOS _OSI(Linux) query ignored
[    0.368200] ACPI: _OSC evaluation for CPUs failed, trying _PDC
[    0.369718] ACPI: Interpreter enabled
[    0.369742] ACPI: PM: (supports S0 S3 S4 S5)
[    0.369744] ACPI: Using IOAPIC for interrupt routing
[    0.372500] PCI: Using host bridge windows from ACPI; if necessary, use "pci=nocrs" and report a bug
[    0.372503] PCI: Ignoring E820 reservations for host bridge windows
[    0.373267] ACPI: Enabled 3 GPEs in block 00 to 1F
[    0.396809] ACPI: PCI Root Bridge [PCI0] (domain 0000 [bus 00-ff])
[    0.396817] acpi PNP0A08:00: _OSC: OS supports [ExtendedConfig ASPM ClockPM Segments MSI EDR HPX-Type3]
[    0.396987] acpi PNP0A08:00: _OSC: platform does not support [SHPCHotplug LTR DPC]
[    0.397302] acpi PNP0A08:00: _OSC: OS now controls [PCIeHotplug PME AER PCIeCapability]
[    0.397316] acpi PNP0A08:00: [Firmware Info]: ECAM [mem 0xf0000000-0xf7ffffff] for domain 0000 [bus 00-7f] only partially covers this bridge
[    0.398140] PCI host bridge to bus 0000:00
[    0.398142] pci_bus 0000:00: root bus resource [io  0x0000-0x03af window]
[    0.398145] pci_bus 0000:00: root bus resource [io  0x03e0-0x0cf7 window]
[    0.398148] pci_bus 0000:00: root bus resource [io  0x03b0-0x03df window]
[    0.398150] pci_bus 0000:00: root bus resource [io  0x0d00-0xffff window]
[    0.398153] pci_bus 0000:00: root bus resource [mem 0x000a0000-0x000dffff window]
[    0.398155] pci_bus 0000:00: root bus resource [mem 0xc0000000-0xfec2ffff window]
[    0.398158] pci_bus 0000:00: root bus resource [mem 0xfee00000-0xffffffff window]
[    0.398161] pci_bus 0000:00: root bus resource [bus 00-ff]
[    0.398184] pci 0000:00:00.0: [1022:1450] type 00 class 0x060000 conventional PCI endpoint
[    0.398310] pci 0000:00:00.2: [1022:1451] type 00 class 0x080600 conventional PCI endpoint
[    0.398435] pci 0000:00:01.0: [1022:1452] type 00 class 0x060000 conventional PCI endpoint
[    0.398512] pci 0000:00:01.3: [1022:1453] type 01 class 0x060400 PCIe Root Port
[    0.398528] pci 0000:00:01.3: PCI bridge to [bus 01-08]
[    0.398533] pci 0000:00:01.3:   bridge window [io  0xf000-0xffff]
[    0.398536] pci 0000:00:01.3:   bridge window [mem 0xfc500000-0xfc6fffff]
[    0.398757] pci 0000:00:01.3: enabling Extended Tags
[    0.398834] pci 0000:00:01.3: PME# supported from D0 D3hot D3cold
[    0.399075] pci 0000:00:02.0: [1022:1452] type 00 class 0x060000 conventional PCI endpoint
[    0.399172] pci 0000:00:03.0: [1022:1452] type 00 class 0x060000 conventional PCI endpoint
[    0.399244] pci 0000:00:03.1: [1022:1453] type 01 class 0x060400 PCIe Root Port
[    0.399261] pci 0000:00:03.1: PCI bridge to [bus 09]
[    0.399266] pci 0000:00:03.1:   bridge window [io  0xe000-0xefff]
[    0.399270] pci 0000:00:03.1:   bridge window [mem 0xfb000000-0xfc0fffff]
[    0.399277] pci 0000:00:03.1:   bridge window [mem 0xd0000000-0xe20fffff 64bit pref]
[    0.399842] pci 0000:00:03.1: PME# supported from D0 D3hot D3cold
[    0.400021] pci 0000:00:04.0: [1022:1452] type 00 class 0x060000 conventional PCI endpoint
[    0.400113] pci 0000:00:07.0: [1022:1452] type 00 class 0x060000 conventional PCI endpoint
[    0.400184] pci 0000:00:07.1: [1022:1454] type 01 class 0x060400 PCIe Root Port
[    0.400199] pci 0000:00:07.1: PCI bridge to [bus 0a]
[    0.400205] pci 0000:00:07.1:   bridge window [mem 0xfc200000-0xfc4fffff]
[    0.400793] pci 0000:00:07.1: enabling Extended Tags
[    0.400865] pci 0000:00:07.1: PME# supported from D0 D3hot D3cold
[    0.401039] pci 0000:00:08.0: [1022:1452] type 00 class 0x060000 conventional PCI endpoint
[    0.401115] pci 0000:00:08.1: [1022:1454] type 01 class 0x060400 PCIe Root Port
[    0.401131] pci 0000:00:08.1: PCI bridge to [bus 0b]
[    0.401137] pci 0000:00:08.1:   bridge window [mem 0xfc700000-0xfc7fffff]
[    0.402088] pci 0000:00:08.1: enabling Extended Tags
[    0.402163] pci 0000:00:08.1: PME# supported from D0 D3hot D3cold
[    0.402365] pci 0000:00:14.0: [1022:790b] type 00 class 0x0c0500 conventional PCI endpoint
[    0.402610] pci 0000:00:14.3: [1022:790e] type 00 class 0x060100 conventional PCI endpoint
[    0.402870] pci 0000:00:18.0: [1022:1460] type 00 class 0x060000 conventional PCI endpoint
[    0.402927] pci 0000:00:18.1: [1022:1461] type 00 class 0x060000 conventional PCI endpoint
[    0.402986] pci 0000:00:18.2: [1022:1462] type 00 class 0x060000 conventional PCI endpoint
[    0.403042] pci 0000:00:18.3: [1022:1463] type 00 class 0x060000 conventional PCI endpoint
[    0.403101] pci 0000:00:18.4: [1022:1464] type 00 class 0x060000 conventional PCI endpoint
[    0.403157] pci 0000:00:18.5: [1022:1465] type 00 class 0x060000 conventional PCI endpoint
[    0.403212] pci 0000:00:18.6: [1022:1466] type 00 class 0x060000 conventional PCI endpoint
[    0.403268] pci 0000:00:18.7: [1022:1467] type 00 class 0x060000 conventional PCI endpoint
[    0.404153] pci 0000:01:00.0: [1022:43d5] type 00 class 0x0c0330 PCIe Legacy Endpoint
[    0.404171] pci 0000:01:00.0: BAR 0 [mem 0xfc6a0000-0xfc6a7fff 64bit]
[    0.404209] pci 0000:01:00.0: enabling Extended Tags
[    0.404268] pci 0000:01:00.0: PME# supported from D3hot D3cold
[    0.404483] pci 0000:01:00.1: [1022:43c8] type 00 class 0x010601 PCIe Legacy Endpoint
[    0.404528] pci 0000:01:00.1: BAR 5 [mem 0xfc680000-0xfc69ffff]
[    0.404536] pci 0000:01:00.1: ROM [mem 0xfc600000-0xfc67ffff pref]
[    0.404543] pci 0000:01:00.1: enabling Extended Tags
[    0.404585] pci 0000:01:00.1: PME# supported from D3hot D3cold
[    0.404707] pci 0000:01:00.2: [1022:43c6] type 01 class 0x060400 PCIe Switch Upstream Port
[    0.404734] pci 0000:01:00.2: PCI bridge to [bus 02-08]
[    0.404741] pci 0000:01:00.2:   bridge window [io  0xf000-0xffff]
[    0.404745] pci 0000:01:00.2:   bridge window [mem 0xfc500000-0xfc5fffff]
[    0.404765] pci 0000:01:00.2: enabling Extended Tags
[    0.404812] pci 0000:01:00.2: PME# supported from D3hot D3cold
[    0.404965] pci 0000:00:01.3: PCI bridge to [bus 01-08]
[    0.405128] pci 0000:02:00.0: [1022:43c7] type 01 class 0x060400 PCIe Switch Downstream Port
[    0.405156] pci 0000:02:00.0: PCI bridge to [bus 03]
[    0.405185] pci 0000:02:00.0: enabling Extended Tags
[    0.405248] pci 0000:02:00.0: PME# supported from D3hot D3cold
[    0.405399] pci 0000:02:01.0: [1022:43c7] type 01 class 0x060400 PCIe Switch Downstream Port
[    0.405427] pci 0000:02:01.0: PCI bridge to [bus 04]
[    0.405456] pci 0000:02:01.0: enabling Extended Tags
[    0.405519] pci 0000:02:01.0: PME# supported from D3hot D3cold
[    0.405669] pci 0000:02:04.0: [1022:43c7] type 01 class 0x060400 PCIe Switch Downstream Port
[    0.405697] pci 0000:02:04.0: PCI bridge to [bus 05]
[    0.405726] pci 0000:02:04.0: enabling Extended Tags
[    0.405789] pci 0000:02:04.0: PME# supported from D3hot D3cold
[    0.405938] pci 0000:02:05.0: [1022:43c7] type 01 class 0x060400 PCIe Switch Downstream Port
[    0.405966] pci 0000:02:05.0: PCI bridge to [bus 06]
[    0.405995] pci 0000:02:05.0: enabling Extended Tags
[    0.406058] pci 0000:02:05.0: PME# supported from D3hot D3cold
[    0.406211] pci 0000:02:06.0: [1022:43c7] type 01 class 0x060400 PCIe Switch Downstream Port
[    0.406239] pci 0000:02:06.0: PCI bridge to [bus 07]
[    0.406268] pci 0000:02:06.0: enabling Extended Tags
[    0.406331] pci 0000:02:06.0: PME# supported from D3hot D3cold
[    0.406480] pci 0000:02:07.0: [1022:43c7] type 01 class 0x060400 PCIe Switch Downstream Port
[    0.406508] pci 0000:02:07.0: PCI bridge to [bus 08]
[    0.406515] pci 0000:02:07.0:   bridge window [io  0xf000-0xffff]
[    0.406519] pci 0000:02:07.0:   bridge window [mem 0xfc500000-0xfc5fffff]
[    0.406542] pci 0000:02:07.0: enabling Extended Tags
[    0.406604] pci 0000:02:07.0: PME# supported from D3hot D3cold
[    0.406762] pci 0000:01:00.2: PCI bridge to [bus 02-08]
[    0.406826] pci 0000:02:00.0: PCI bridge to [bus 03]
[    0.406890] pci 0000:02:01.0: PCI bridge to [bus 04]
[    0.406951] pci 0000:02:04.0: PCI bridge to [bus 05]
[    0.407002] pci 0000:02:05.0: PCI bridge to [bus 06]
[    0.407053] pci 0000:02:06.0: PCI bridge to [bus 07]
[    0.407135] pci 0000:08:00.0: [10ec:8168] type 00 class 0x020000 PCIe Endpoint
[    0.407163] pci 0000:08:00.0: BAR 0 [io  0xf000-0xf0ff]
[    0.407200] pci 0000:08:00.0: BAR 2 [mem 0xfc504000-0xfc504fff 64bit]
[    0.407223] pci 0000:08:00.0: BAR 4 [mem 0xfc500000-0xfc503fff 64bit]
[    0.407381] pci 0000:08:00.0: supports D1 D2
[    0.407384] pci 0000:08:00.0: PME# supported from D0 D1 D2 D3hot D3cold
[    0.407655] pci 0000:02:07.0: PCI bridge to [bus 08]
[    0.407839] pci 0000:09:00.0: [10de:2188] type 00 class 0x030000 PCIe Legacy Endpoint
[    0.407854] pci 0000:09:00.0: BAR 0 [mem 0xfb000000-0xfbffffff]
[    0.407866] pci 0000:09:00.0: BAR 1 [mem 0xd0000000-0xdfffffff 64bit pref]
[    0.407879] pci 0000:09:00.0: BAR 3 [mem 0xe0000000-0xe1ffffff 64bit pref]
[    0.407888] pci 0000:09:00.0: BAR 5 [io  0xe000-0xe07f]
[    0.407896] pci 0000:09:00.0: ROM [mem 0xfc000000-0xfc07ffff pref]
[    0.407923] pci 0000:09:00.0: Video device with shadowed ROM at [mem 0x000c0000-0x000dffff]
[    0.407971] pci 0000:09:00.0: PME# supported from D0 D3hot D3cold
[    0.408058] pci 0000:09:00.0: 32.000 Gb/s available PCIe bandwidth, limited by 2.5 GT/s PCIe x16 link at 0000:00:03.1 (capable of 126.016 Gb/s with 8.0 GT/s PCIe x16 link)
[    0.408185] pci 0000:09:00.1: [10de:1aeb] type 00 class 0x040300 PCIe Endpoint
[    0.408200] pci 0000:09:00.1: BAR 0 [mem 0xfc080000-0xfc083fff]
[    0.408366] pci 0000:09:00.2: [10de:1aec] type 00 class 0x0c0330 PCIe Endpoint
[    0.408385] pci 0000:09:00.2: BAR 0 [mem 0xe2000000-0xe203ffff 64bit pref]
[    0.408404] pci 0000:09:00.2: BAR 3 [mem 0xe2040000-0xe204ffff 64bit pref]
[    0.408465] pci 0000:09:00.2: PME# supported from D0 D3hot D3cold
[    0.408549] pci 0000:09:00.3: [10de:1aed] type 00 class 0x0c8000 PCIe Endpoint
[    0.408564] pci 0000:09:00.3: BAR 0 [mem 0xfc084000-0xfc084fff]
[    0.408651] pci 0000:09:00.3: PME# supported from D0 D3hot D3cold
[    0.408768] pci 0000:00:03.1: PCI bridge to [bus 09]
[    0.409145] pci 0000:0a:00.0: [1022:145a] type 00 class 0x130000 PCIe Endpoint
[    0.409171] pci 0000:0a:00.0: enabling Extended Tags
[    0.409294] pci 0000:0a:00.2: [1022:1456] type 00 class 0x108000 PCIe Endpoint
[    0.409307] pci 0000:0a:00.2: BAR 2 [mem 0xfc300000-0xfc3fffff]
[    0.409317] pci 0000:0a:00.2: BAR 5 [mem 0xfc400000-0xfc401fff]
[    0.409325] pci 0000:0a:00.2: enabling Extended Tags
[    0.409466] pci 0000:0a:00.3: [1022:145f] type 00 class 0x0c0330 PCIe Endpoint
[    0.409477] pci 0000:0a:00.3: BAR 0 [mem 0xfc200000-0xfc2fffff 64bit]
[    0.409500] pci 0000:0a:00.3: enabling Extended Tags
[    0.409536] pci 0000:0a:00.3: PME# supported from D0 D3hot D3cold
[    0.409673] pci 0000:00:07.1: PCI bridge to [bus 0a]
[    0.409774] pci 0000:0b:00.0: [1022:1455] type 00 class 0x130000 PCIe Endpoint
[    0.409801] pci 0000:0b:00.0: enabling Extended Tags
[    0.409925] pci 0000:0b:00.2: [1022:7901] type 00 class 0x010601 PCIe Endpoint
[    0.409953] pci 0000:0b:00.2: BAR 5 [mem 0xfc708000-0xfc708fff]
[    0.409963] pci 0000:0b:00.2: enabling Extended Tags
[    0.410000] pci 0000:0b:00.2: PME# supported from D3hot D3cold
[    0.410122] pci 0000:0b:00.3: [1022:1457] type 00 class 0x040300 PCIe Endpoint
[    0.410131] pci 0000:0b:00.3: BAR 0 [mem 0xfc700000-0xfc707fff]
[    0.410152] pci 0000:0b:00.3: enabling Extended Tags
[    0.410189] pci 0000:0b:00.3: PME# supported from D0 D3hot D3cold
[    0.410313] pci 0000:00:08.1: PCI bridge to [bus 0b]
[    0.410871] ACPI: PCI: Interrupt link LNKA configured for IRQ 0
[    0.410967] ACPI: PCI: Interrupt link LNKB configured for IRQ 0
[    0.411054] ACPI: PCI: Interrupt link LNKC configured for IRQ 0
[    0.411160] ACPI: PCI: Interrupt link LNKD configured for IRQ 0
[    0.411255] ACPI: PCI: Interrupt link LNKE configured for IRQ 0
[    0.411333] ACPI: PCI: Interrupt link LNKF configured for IRQ 0
[    0.411411] ACPI: PCI: Interrupt link LNKG configured for IRQ 0
[    0.411489] ACPI: PCI: Interrupt link LNKH configured for IRQ 0
[    0.413541] iommu: Default domain type: Translated
[    0.413541] iommu: DMA domain TLB invalidation policy: lazy mode
[    0.413541] SCSI subsystem initialized
[    0.413541] libata version 3.00 loaded.
[    0.413541] ACPI: bus type USB registered
[    0.413541] usbcore: registered new interface driver usbfs
[    0.413541] usbcore: registered new interface driver hub
[    0.413541] usbcore: registered new device driver usb
[    0.413541] pps_core: LinuxPPS API ver. 1 registered
[    0.413541] pps_core: Software ver. 5.3.6 - Copyright 2005-2007 Rodolfo Giometti <giometti@linux.it>
[    0.413541] PTP clock support registered
[    0.414125] EDAC MC: Ver: 3.0.0
[    0.414216] efivars: Registered efivars operations
[    0.414399] NetLabel: Initializing
[    0.414401] NetLabel:  domain hash size = 128
[    0.414403] NetLabel:  protocols = UNLABELED CIPSOv4 CALIPSO
[    0.414436] NetLabel:  unlabeled traffic allowed by default
[    0.414456] mctp: management component transport protocol core
[    0.414456] NET: Registered PF_MCTP protocol family
[    0.414456] PCI: Using ACPI for IRQ routing
[    0.424111] PCI: pci_cache_line_size set to 64 bytes
[    0.424180] e820: reserve RAM buffer [mem 0x09ccf000-0x0bffffff]
[    0.424182] e820: reserve RAM buffer [mem 0x0a200000-0x0bffffff]
[    0.424184] e820: reserve RAM buffer [mem 0x0b000000-0x0bffffff]
[    0.424186] e820: reserve RAM buffer [mem 0xb6872018-0xb7ffffff]
[    0.424188] e820: reserve RAM buffer [mem 0xb6893018-0xb7ffffff]
[    0.424189] e820: reserve RAM buffer [mem 0xb7051000-0xb7ffffff]
[    0.424191] e820: reserve RAM buffer [mem 0xb8f60000-0xbbffffff]
[    0.424193] e820: reserve RAM buffer [mem 0xbaea8000-0xbbffffff]
[    0.424195] e820: reserve RAM buffer [mem 0xbf000000-0xbfffffff]
[    0.424196] e820: reserve RAM buffer [mem 0x43f380000-0x43fffffff]
[    0.424295] pci 0000:09:00.0: vgaarb: setting as boot VGA device
[    0.424295] pci 0000:09:00.0: vgaarb: bridge control possible
[    0.424295] pci 0000:09:00.0: vgaarb: VGA device added: decodes=io+mem,owns=io+mem,locks=none
[    0.424295] vgaarb: loaded
[    0.424295] hpet0: at MMIO 0xfed00000, IRQs 2, 8, 0
[    0.424295] hpet0: 3 comparators, 32-bit 14.318180 MHz counter
[    0.426171] clocksource: Switched to clocksource tsc-early
[    0.427240] VFS: Disk quotas dquot_6.6.0
[    0.427269] VFS: Dquot-cache hash table entries: 512 (order 0, 4096 bytes)
[    0.427471] AppArmor: AppArmor Filesystem Enabled
[    0.427510] pnp: PnP ACPI init
[    0.427647] system 00:00: [mem 0xf0000000-0xf7ffffff] has been reserved
[    0.428056] system 00:02: [io  0x0a00-0x0a2f] has been reserved
[    0.428060] system 00:02: [io  0x0a30-0x0a3f] has been reserved
[    0.428062] system 00:02: [io  0x0a40-0x0a4f] has been reserved
[    0.428065] system 00:02: [mem 0xfe000000-0xfe00ffff] has been reserved
[    0.428494] system 00:03: [io  0x04d0-0x04d1] has been reserved
[    0.428497] system 00:03: [io  0x040b] has been reserved
[    0.428499] system 00:03: [io  0x04d6] has been reserved
[    0.428502] system 00:03: [io  0x0c00-0x0c01] has been reserved
[    0.428504] system 00:03: [io  0x0c14] has been reserved
[    0.428507] system 00:03: [io  0x0c50-0x0c51] has been reserved
[    0.428509] system 00:03: [io  0x0c52] has been reserved
[    0.428512] system 00:03: [io  0x0c6c] has been reserved
[    0.428514] system 00:03: [io  0x0c6f] has been reserved
[    0.428516] system 00:03: [io  0x0cd8-0x0cdf] has been reserved
[    0.428519] system 00:03: [io  0x0800-0x089f] has been reserved
[    0.428521] system 00:03: [io  0x0b00-0x0b0f] has been reserved
[    0.428524] system 00:03: [io  0x0b20-0x0b3f] has been reserved
[    0.428526] system 00:03: [io  0x0900-0x090f] has been reserved
[    0.428529] system 00:03: [io  0x0910-0x091f] has been reserved
[    0.428532] system 00:03: [mem 0xfec00000-0xfec00fff] could not be reserved
[    0.428535] system 00:03: [mem 0xfec01000-0xfec01fff] could not be reserved
[    0.428537] system 00:03: [mem 0xfedc0000-0xfedc0fff] has been reserved
[    0.428540] system 00:03: [mem 0xfee00000-0xfee00fff] has been reserved
[    0.428542] system 00:03: [mem 0xfed80000-0xfed8ffff] could not be reserved
[    0.428545] system 00:03: [mem 0xfec10000-0xfec10fff] has been reserved
[    0.428548] system 00:03: [mem 0xff000000-0xffffffff] has been reserved
[    0.429572] pnp: PnP ACPI: found 4 devices
[    0.436284] clocksource: acpi_pm: mask: 0xffffff max_cycles: 0xffffff, max_idle_ns: 2085701024 ns
[    0.436375] NET: Registered PF_INET protocol family
[    0.436608] IP idents hash table entries: 262144 (order: 9, 2097152 bytes, linear)
[    0.456091] tcp_listen_portaddr_hash hash table entries: 8192 (order: 5, 131072 bytes, linear)
[    0.456125] Table-perturb hash table entries: 65536 (order: 6, 262144 bytes, linear)
[    0.456206] TCP established hash table entries: 131072 (order: 8, 1048576 bytes, linear)
[    0.456420] TCP bind hash table entries: 65536 (order: 9, 2097152 bytes, linear)
[    0.456530] TCP: Hash tables configured (established 131072 bind 65536)
[    0.456722] MPTCP token hash table entries: 16384 (order: 6, 393216 bytes, linear)
[    0.456777] UDP hash table entries: 8192 (order: 6, 262144 bytes, linear)
[    0.456820] UDP-Lite hash table entries: 8192 (order: 6, 262144 bytes, linear)
[    0.456927] NET: Registered PF_UNIX/PF_LOCAL protocol family
[    0.456937] NET: Registered PF_XDP protocol family
[    0.456968] pci 0000:02:00.0: PCI bridge to [bus 03]
[    0.456982] pci 0000:02:01.0: PCI bridge to [bus 04]
[    0.456993] pci 0000:02:04.0: PCI bridge to [bus 05]
[    0.457004] pci 0000:02:05.0: PCI bridge to [bus 06]
[    0.457014] pci 0000:02:06.0: PCI bridge to [bus 07]
[    0.457025] pci 0000:02:07.0: PCI bridge to [bus 08]
[    0.457029] pci 0000:02:07.0:   bridge window [io  0xf000-0xffff]
[    0.457034] pci 0000:02:07.0:   bridge window [mem 0xfc500000-0xfc5fffff]
[    0.457042] pci 0000:01:00.2: PCI bridge to [bus 02-08]
[    0.457045] pci 0000:01:00.2:   bridge window [io  0xf000-0xffff]
[    0.457050] pci 0000:01:00.2:   bridge window [mem 0xfc500000-0xfc5fffff]
[    0.457058] pci 0000:00:01.3: PCI bridge to [bus 01-08]
[    0.457061] pci 0000:00:01.3:   bridge window [io  0xf000-0xffff]
[    0.457065] pci 0000:00:01.3:   bridge window [mem 0xfc500000-0xfc6fffff]
[    0.457072] pci 0000:00:03.1: PCI bridge to [bus 09]
[    0.457074] pci 0000:00:03.1:   bridge window [io  0xe000-0xefff]
[    0.457078] pci 0000:00:03.1:   bridge window [mem 0xfb000000-0xfc0fffff]
[    0.457082] pci 0000:00:03.1:   bridge window [mem 0xd0000000-0xe20fffff 64bit pref]
[    0.457087] pci 0000:00:07.1: PCI bridge to [bus 0a]
[    0.457090] pci 0000:00:07.1:   bridge window [mem 0xfc200000-0xfc4fffff]
[    0.457096] pci 0000:00:08.1: PCI bridge to [bus 0b]
[    0.457099] pci 0000:00:08.1:   bridge window [mem 0xfc700000-0xfc7fffff]
[    0.457106] pci_bus 0000:00: resource 4 [io  0x0000-0x03af window]
[    0.457109] pci_bus 0000:00: resource 5 [io  0x03e0-0x0cf7 window]
[    0.457111] pci_bus 0000:00: resource 6 [io  0x03b0-0x03df window]
[    0.457113] pci_bus 0000:00: resource 7 [io  0x0d00-0xffff window]
[    0.457116] pci_bus 0000:00: resource 8 [mem 0x000a0000-0x000dffff window]
[    0.457118] pci_bus 0000:00: resource 9 [mem 0xc0000000-0xfec2ffff window]
[    0.457120] pci_bus 0000:00: resource 10 [mem 0xfee00000-0xffffffff window]
[    0.457123] pci_bus 0000:01: resource 0 [io  0xf000-0xffff]
[    0.457125] pci_bus 0000:01: resource 1 [mem 0xfc500000-0xfc6fffff]
[    0.457128] pci_bus 0000:02: resource 0 [io  0xf000-0xffff]
[    0.457130] pci_bus 0000:02: resource 1 [mem 0xfc500000-0xfc5fffff]
[    0.457132] pci_bus 0000:08: resource 0 [io  0xf000-0xffff]
[    0.457135] pci_bus 0000:08: resource 1 [mem 0xfc500000-0xfc5fffff]
[    0.457137] pci_bus 0000:09: resource 0 [io  0xe000-0xefff]
[    0.457139] pci_bus 0000:09: resource 1 [mem 0xfb000000-0xfc0fffff]
[    0.457141] pci_bus 0000:09: resource 2 [mem 0xd0000000-0xe20fffff 64bit pref]
[    0.457144] pci_bus 0000:0a: resource 1 [mem 0xfc200000-0xfc4fffff]
[    0.457146] pci_bus 0000:0b: resource 1 [mem 0xfc700000-0xfc7fffff]
[    0.457506] pci 0000:09:00.1: extending delay after power-on from D3hot to 20 msec
[    0.457553] pci 0000:09:00.1: D0 power state depends on 0000:09:00.0
[    0.457629] pci 0000:09:00.2: D0 power state depends on 0000:09:00.0
[    0.457813] pci 0000:09:00.3: D0 power state depends on 0000:09:00.0
[    0.458035] PCI: CLS 64 bytes, default 64
[    0.458062] pci 0000:00:00.2: AMD-Vi: IOMMU performance counters supported
[    0.458115] Trying to unpack rootfs image as initramfs...
[    0.458129] pci 0000:00:01.0: Adding to iommu group 0
[    0.458151] pci 0000:00:01.3: Adding to iommu group 1
[    0.458183] pci 0000:00:02.0: Adding to iommu group 2
[    0.458215] pci 0000:00:03.0: Adding to iommu group 3
[    0.458236] pci 0000:00:03.1: Adding to iommu group 4
[    0.458267] pci 0000:00:04.0: Adding to iommu group 5
[    0.458299] pci 0000:00:07.0: Adding to iommu group 6
[    0.458320] pci 0000:00:07.1: Adding to iommu group 7
[    0.458352] pci 0000:00:08.0: Adding to iommu group 8
[    0.458373] pci 0000:00:08.1: Adding to iommu group 9
[    0.458415] pci 0000:00:14.0: Adding to iommu group 10
[    0.458435] pci 0000:00:14.3: Adding to iommu group 10
[    0.458543] pci 0000:00:18.0: Adding to iommu group 11
[    0.458564] pci 0000:00:18.1: Adding to iommu group 11
[    0.458586] pci 0000:00:18.2: Adding to iommu group 11
[    0.458607] pci 0000:00:18.3: Adding to iommu group 11
[    0.458631] pci 0000:00:18.4: Adding to iommu group 11
[    0.458652] pci 0000:00:18.5: Adding to iommu group 11
[    0.458673] pci 0000:00:18.6: Adding to iommu group 11
[    0.458695] pci 0000:00:18.7: Adding to iommu group 11
[    0.458748] pci 0000:01:00.0: Adding to iommu group 12
[    0.458771] pci 0000:01:00.1: Adding to iommu group 12
[    0.458796] pci 0000:01:00.2: Adding to iommu group 12
[    0.458803] pci 0000:02:00.0: Adding to iommu group 12
[    0.458811] pci 0000:02:01.0: Adding to iommu group 12
[    0.458819] pci 0000:02:04.0: Adding to iommu group 12
[    0.458826] pci 0000:02:05.0: Adding to iommu group 12
[    0.458833] pci 0000:02:06.0: Adding to iommu group 12
[    0.458839] pci 0000:02:07.0: Adding to iommu group 12
[    0.458846] pci 0000:08:00.0: Adding to iommu group 12
[    0.458910] pci 0000:09:00.0: Adding to iommu group 13
[    0.458936] pci 0000:09:00.1: Adding to iommu group 13
[    0.458962] pci 0000:09:00.2: Adding to iommu group 13
[    0.458987] pci 0000:09:00.3: Adding to iommu group 13
[    0.459009] pci 0000:0a:00.0: Adding to iommu group 14
[    0.459032] pci 0000:0a:00.2: Adding to iommu group 15
[    0.459055] pci 0000:0a:00.3: Adding to iommu group 16
[    0.459077] pci 0000:0b:00.0: Adding to iommu group 17
[    0.459099] pci 0000:0b:00.2: Adding to iommu group 18
[    0.459122] pci 0000:0b:00.3: Adding to iommu group 19
[    0.464263] AMD-Vi: Extended features (0xf77ef22294ada, 0x0): PPR NX GT IA GA PC GA_vAPIC
[    0.464279] AMD-Vi: Interrupt remapping enabled
[    0.464421] AMD-Vi: Virtual APIC enabled
[    0.464429] PCI-DMA: Using software bounce buffering for IO (SWIOTLB)
[    0.464431] software IO TLB: mapped [mem 0x00000000ada3f000-0x00000000b1a3f000] (64MB)
[    0.464558] perf/amd_iommu: Detected AMD IOMMU #0 (2 banks, 4 counters/bank).
[    0.465624] Initialise system trusted keyrings
[    0.465646] Key type blacklist registered
[    0.465719] workingset: timestamp_bits=36 max_order=22 bucket_order=0
[    0.465733] zbud: loaded
[    0.466144] squashfs: version 4.0 (2009/01/31) Phillip Lougher
[    0.466260] fuse: init (API version 7.39)
[    0.466453] integrity: Platform Keyring initialized
[    0.466458] integrity: Machine keyring initialized
[    0.479016] Key type asymmetric registered
[    0.479018] Asymmetric key parser 'x509' registered
[    0.479044] Block layer SCSI generic (bsg) driver version 0.4 loaded (major 243)
[    0.479115] io scheduler mq-deadline registered
[    0.483756] pcieport 0000:00:01.3: PME: Signaling with IRQ 26
[    0.483838] pcieport 0000:00:01.3: AER: enabled with IRQ 26
[    0.484535] pcieport 0000:00:03.1: PME: Signaling with IRQ 27
[    0.484610] pcieport 0000:00:03.1: AER: enabled with IRQ 27
[    0.485470] pcieport 0000:00:07.1: PME: Signaling with IRQ 28
[    0.485551] pcieport 0000:00:07.1: AER: enabled with IRQ 28
[    0.486508] pcieport 0000:00:08.1: PME: Signaling with IRQ 30
[    0.486585] pcieport 0000:00:08.1: AER: enabled with IRQ 30
[    0.487844] shpchp: Standard Hot Plug PCI Controller Driver version: 0.4
[    0.488068] input: Power Button as /devices/LNXSYSTM:00/LNXSYBUS:00/PNP0C0C:00/input/input0
[    0.488098] ACPI: button: Power Button [PWRB]
[    0.488148] input: Power Button as /devices/LNXSYSTM:00/LNXPWRBN:00/input/input1
[    0.488218] ACPI: button: Power Button [PWRF]
[    0.488263] Monitor-Mwait will be used to enter C-1 state
[    0.488282] ACPI: \_PR_.C000: Found 2 idle states
[    0.488423] ACPI: \_PR_.C002: Found 2 idle states
[    0.488563] ACPI: \_PR_.C004: Found 2 idle states
[    0.488703] ACPI: \_PR_.C006: Found 2 idle states
[    0.488805] ACPI: \_PR_.C008: Found 2 idle states
[    0.488908] ACPI: \_PR_.C00A: Found 2 idle states
[    0.489011] ACPI: \_PR_.C001: Found 2 idle states
[    0.489117] ACPI: \_PR_.C003: Found 2 idle states
[    0.489274] ACPI: \_PR_.C005: Found 2 idle states
[    0.489428] ACPI: \_PR_.C007: Found 2 idle states
[    0.489561] ACPI: \_PR_.C009: Found 2 idle states
[    0.489705] ACPI: \_PR_.C00B: Found 2 idle states
[    0.828893] Freeing initrd memory: 70344K
[    1.495838] tsc: Refined TSC clocksource calibration: 3593.246 MHz
[    1.495862] clocksource: tsc: mask: 0xffffffffffffffff max_cycles: 0x33cb66efe9d, max_idle_ns: 440795351205 ns
[    1.495898] clocksource: Switched to clocksource tsc
[    2.522124] ACPI: \_TZ_.TZ10: _PSL evaluation failure
[    2.522492] thermal LNXTHERM:00: registered as thermal_zone0
[    2.522495] ACPI: thermal: Thermal Zone [TZ10] (17 C)
[    2.522603] ACPI: \_TZ_.UAD0: _PSL evaluation failure
[    2.522707] thermal LNXTHERM:01: registered as thermal_zone1
[    2.522709] ACPI: thermal: Thermal Zone [UAD0] (17 C)
[    2.522967] Serial: 8250/16550 driver, 32 ports, IRQ sharing enabled
[    2.525768] Linux agpgart interface v0.103
[    2.541532] tpm_crb MSFT0101:00: Disabling hwrng
[    2.546718] loop: module loaded
[    2.547009] ACPI: bus type drm_connector registered
[    2.547840] tun: Universal TUN/TAP device driver, 1.6
[    2.547890] PPP generic driver version 2.4.2
[    2.548042] i8042: PNP: No PS/2 controller found.
[    2.548097] mousedev: PS/2 mouse device common for all mice
[    2.548240] rtc_cmos 00:01: RTC can wake from S4
[    2.548705] rtc_cmos 00:01: registered as rtc0
[    2.548777] rtc_cmos 00:01: setting system clock to 2024-10-16T11:36:36 UTC (1729078596)
[    2.548817] rtc_cmos 00:01: alarms up to one month, y3k, 114 bytes nvram
[    2.548827] i2c_dev: i2c /dev entries driver
[    2.548861] device-mapper: core: CONFIG_IMA_DISABLE_HTABLE is disabled. Duplicate IMA measurements will not be recorded in the IMA log.
[    2.548875] device-mapper: uevent: version 1.0.3
[    2.548944] device-mapper: ioctl: 4.48.0-ioctl (2023-03-01) initialised: dm-devel@redhat.com
[    2.548968] platform eisa.0: Probing EISA bus 0
[    2.548973] platform eisa.0: EISA: Cannot allocate resource for mainboard
[    2.548975] platform eisa.0: Cannot allocate resource for EISA slot 1
[    2.548977] platform eisa.0: Cannot allocate resource for EISA slot 2
[    2.548979] platform eisa.0: Cannot allocate resource for EISA slot 3
[    2.548981] platform eisa.0: Cannot allocate resource for EISA slot 4
[    2.548983] platform eisa.0: Cannot allocate resource for EISA slot 5
[    2.548985] platform eisa.0: Cannot allocate resource for EISA slot 6
[    2.548987] platform eisa.0: Cannot allocate resource for EISA slot 7
[    2.548989] platform eisa.0: Cannot allocate resource for EISA slot 8
[    2.548991] platform eisa.0: EISA: Detected 0 cards
[    2.548994] amd_pstate: the _CPC object is not present in SBIOS or ACPI disabled
[    2.549131] ledtrig-cpu: registered to indicate activity on CPUs
[    2.549387] [drm] Initialized simpledrm 1.0.0 20200625 for simple-framebuffer.0 on minor 0
[    2.549860] fbcon: Deferring console take-over
[    2.549863] simple-framebuffer simple-framebuffer.0: [drm] fb0: simpledrmdrmfb frame buffer device
[    2.550023] drop_monitor: Initializing network drop monitor service
[    2.550153] NET: Registered PF_INET6 protocol family
[    2.556385] Segment Routing with IPv6
[    2.556396] In-situ OAM (IOAM) with IPv6
[    2.556431] NET: Registered PF_PACKET protocol family
[    2.556505] Key type dns_resolver registered
[    2.557757] microcode: Current revision: 0x0800820d
[    2.557759] microcode: Updated early from: 0x0800820d
[    2.557961] IPI shorthand broadcast: enabled
[    2.560744] sched_clock: Marking stable (2559001398, 1448940)->(2672735953, -112285615)
[    2.560880] registered taskstats version 1
[    2.561495] Loading compiled-in X.509 certificates
[    2.561995] Loaded X.509 cert 'Build time autogenerated kernel key: 5a0225f3d6db13897b07b502e78f18651c74c091'
[    2.562426] Loaded X.509 cert 'Canonical Ltd. Live Patch Signing: 14df34d1a87cf37625abec039ef2bf521249b969'
[    2.562850] Loaded X.509 cert 'Canonical Ltd. Kernel Module Signing: 88f752e560a1e0737e31163a466ad7b70a850c19'
[    2.562852] blacklist: Loading compiled-in revocation X.509 certificates
[    2.562871] Loaded X.509 cert 'Canonical Ltd. Secure Boot Signing: 61482aa2830d0ab2ad5af10b7250da9033ddcef0'
[    2.562886] Loaded X.509 cert 'Canonical Ltd. Secure Boot Signing (2017): 242ade75ac4a15e50d50c84b0d45ff3eae707a03'
[    2.562901] Loaded X.509 cert 'Canonical Ltd. Secure Boot Signing (ESM 2018): 365188c1d374d6b07c3c8f240f8ef722433d6a8b'
[    2.562916] Loaded X.509 cert 'Canonical Ltd. Secure Boot Signing (2019): c0746fd6c5da3ae827864651ad66ae47fe24b3e8'
[    2.562931] Loaded X.509 cert 'Canonical Ltd. Secure Boot Signing (2021 v1): a8d54bbb3825cfb94fa13c9f8a594a195c107b8d'
[    2.562945] Loaded X.509 cert 'Canonical Ltd. Secure Boot Signing (2021 v2): 4cf046892d6fd3c9a5b03f98d845f90851dc6a8c'
[    2.562959] Loaded X.509 cert 'Canonical Ltd. Secure Boot Signing (2021 v3): 100437bb6de6e469b581e61cd66bce3ef4ed53af'
[    2.562973] Loaded X.509 cert 'Canonical Ltd. Secure Boot Signing (Ubuntu Core 2019): c1d57b8f6b743f23ee41f4f7ee292f06eecadfb9'
[    2.568733] Key type .fscrypt registered
[    2.568736] Key type fscrypt-provisioning registered
[    2.568817] Key type trusted registered
[    2.582388] Key type encrypted registered
[    2.582392] AppArmor: AppArmor sha256 policy hashing enabled
[    2.582522] Loading compiled-in module X.509 certificates
[    2.582945] Loaded X.509 cert 'Build time autogenerated kernel key: 5a0225f3d6db13897b07b502e78f18651c74c091'
[    2.582947] ima: Allocated hash algorithm: sha256
[    2.618495] ima: No architecture policies found
[    2.618512] evm: Initialising EVM extended attributes:
[    2.618513] evm: security.selinux
[    2.618515] evm: security.SMACK64
[    2.618516] evm: security.SMACK64EXEC
[    2.618517] evm: security.SMACK64TRANSMUTE
[    2.618519] evm: security.SMACK64MMAP
[    2.618520] evm: security.apparmor
[    2.618521] evm: security.ima
[    2.618522] evm: security.capability
[    2.618524] evm: HMAC attrs: 0x1
[    2.619385] PM:   Magic number: 12:972:630
[    2.619787] acpi_cpufreq: overriding BIOS provided _PSD data
[    2.628818] RAS: Correctable Errors collector initialized.
[    2.628952] clk: Disabling unused clocks
[    2.631090] Freeing unused decrypted memory: 2028K
[    2.631805] Freeing unused kernel image (initmem) memory: 4972K
[    2.631808] Write protecting the kernel read-only data: 36864k
[    2.632176] Freeing unused kernel image (rodata/data gap) memory: 444K
[    2.690843] x86/mm: Checked W+X mappings: passed, no W+X pages found.
[    2.690850] Run /init as init process
[    2.690851]   with arguments:
[    2.690853]     /init
[    2.690855]     splash
[    2.690856]   with environment:
[    2.690858]     HOME=/
[    2.690859]     TERM=linux
[    2.690860]     BOOT_IMAGE=/boot/vmlinuz-6.8.0-45-generic
[    2.793786] xhci_hcd 0000:01:00.0: xHCI Host Controller
[    2.793800] xhci_hcd 0000:01:00.0: new USB bus registered, assigned bus number 1
[    2.794742] ahci 0000:01:00.1: version 3.0
[    2.794949] ahci 0000:01:00.1: SSS flag set, parallel bus scan disabled
[    2.794985] ahci 0000:01:00.1: AHCI 0001.0301 32 slots 8 ports 6 Gbps 0x33 impl SATA mode
[    2.794989] ahci 0000:01:00.1: flags: 64bit ncq sntf stag pm led clo only pmp pio slum part sxs deso sadm sds apst 
[    2.796295] scsi host0: ahci
[    2.796730] ACPI Warning: SystemIO range 0x0000000000000B00-0x0000000000000B08 conflicts with OpRegion 0x0000000000000B00-0x0000000000000B0F (\GSA1.SMBI) (20230628/utaddress-204)
[    2.796742] ACPI: OSL: Resource conflict; ACPI support missing from driver?
[    2.796789] scsi host1: ahci
[    2.797037] scsi host2: ahci
[    2.797271] scsi host3: ahci
[    2.797474] scsi host4: ahci
[    2.797683] scsi host5: ahci
[    2.798101] scsi host6: ahci
[    2.798289] scsi host7: ahci
[    2.798411] ata1: SATA max UDMA/133 abar m131072@0xfc680000 port 0xfc680100 irq 40 lpm-pol 0
[    2.798415] ata2: SATA max UDMA/133 abar m131072@0xfc680000 port 0xfc680180 irq 40 lpm-pol 0
[    2.798417] ata3: DUMMY
[    2.798419] ata4: DUMMY
[    2.798421] ata5: SATA max UDMA/133 abar m131072@0xfc680000 port 0xfc680300 irq 40 lpm-pol 0
[    2.798423] ata6: SATA max UDMA/133 abar m131072@0xfc680000 port 0xfc680380 irq 40 lpm-pol 0
[    2.798425] ata7: DUMMY
[    2.798427] ata8: DUMMY
[    2.798697] ahci 0000:0b:00.2: AHCI 0001.0301 32 slots 1 ports 6 Gbps 0x1 impl SATA mode
[    2.798702] ahci 0000:0b:00.2: flags: 64bit ncq sntf ilck pm led clo only pmp fbs pio slum part 
[    2.799088] scsi host8: ahci
[    2.799179] ata9: SATA max UDMA/133 abar m4096@0xfc708000 port 0xfc708100 irq 44 lpm-pol 3
[    2.807632] r8169 0000:08:00.0 eth0: RTL8168h/8111h, 74:56:3c:fc:1c:e4, XID 541, IRQ 45
[    2.807639] r8169 0000:08:00.0 eth0: jumbo features [frames: 9194 bytes, tx checksumming: ko]
[    2.849191] xhci_hcd 0000:01:00.0: hcc params 0x0200ef81 hci version 0x110 quirks 0x0000000000000010
[    2.849652] xhci_hcd 0000:01:00.0: xHCI Host Controller
[    2.849657] xhci_hcd 0000:01:00.0: new USB bus registered, assigned bus number 2
[    2.849666] xhci_hcd 0000:01:00.0: Host supports USB 3.1 Enhanced SuperSpeed
[    2.849770] usb usb1: New USB device found, idVendor=1d6b, idProduct=0002, bcdDevice= 6.08
[    2.849774] usb usb1: New USB device strings: Mfr=3, Product=2, SerialNumber=1
[    2.849776] usb usb1: Product: xHCI Host Controller
[    2.849779] usb usb1: Manufacturer: Linux 6.8.0-45-generic xhci-hcd
[    2.849781] usb usb1: SerialNumber: 0000:01:00.0
[    2.849993] hub 1-0:1.0: USB hub found
[    2.850009] hub 1-0:1.0: 10 ports detected
[    2.850573] usb usb2: We don't know the algorithms for LPM for this host, disabling LPM.
[    2.850601] usb usb2: New USB device found, idVendor=1d6b, idProduct=0003, bcdDevice= 6.08
[    2.850604] usb usb2: New USB device strings: Mfr=3, Product=2, SerialNumber=1
[    2.850606] usb usb2: Product: xHCI Host Controller
[    2.850608] usb usb2: Manufacturer: Linux 6.8.0-45-generic xhci-hcd
[    2.850610] usb usb2: SerialNumber: 0000:01:00.0
[    2.850724] hub 2-0:1.0: USB hub found
[    2.850735] hub 2-0:1.0: 4 ports detected
[    2.850898] usb: port power management may be unreliable
[    2.851151] xhci_hcd 0000:09:00.2: xHCI Host Controller
[    2.851157] xhci_hcd 0000:09:00.2: new USB bus registered, assigned bus number 3
[    2.851777] xhci_hcd 0000:09:00.2: hcc params 0x0180ff05 hci version 0x110 quirks 0x0000000000000010
[    2.851957] xhci_hcd 0000:09:00.2: xHCI Host Controller
[    2.851961] xhci_hcd 0000:09:00.2: new USB bus registered, assigned bus number 4
[    2.851964] xhci_hcd 0000:09:00.2: Host supports USB 3.1 Enhanced SuperSpeed
[    2.852013] usb usb3: New USB device found, idVendor=1d6b, idProduct=0002, bcdDevice= 6.08
[    2.852016] usb usb3: New USB device strings: Mfr=3, Product=2, SerialNumber=1
[    2.852019] usb usb3: Product: xHCI Host Controller
[    2.852021] usb usb3: Manufacturer: Linux 6.8.0-45-generic xhci-hcd
[    2.852023] usb usb3: SerialNumber: 0000:09:00.2
[    2.852130] hub 3-0:1.0: USB hub found
[    2.852140] hub 3-0:1.0: 2 ports detected
[    2.852264] usb usb4: We don't know the algorithms for LPM for this host, disabling LPM.
[    2.852291] usb usb4: New USB device found, idVendor=1d6b, idProduct=0003, bcdDevice= 6.08
[    2.852294] usb usb4: New USB device strings: Mfr=3, Product=2, SerialNumber=1
[    2.852296] usb usb4: Product: xHCI Host Controller
[    2.852298] usb usb4: Manufacturer: Linux 6.8.0-45-generic xhci-hcd
[    2.852300] usb usb4: SerialNumber: 0000:09:00.2
[    2.852395] hub 4-0:1.0: USB hub found
[    2.852406] hub 4-0:1.0: 4 ports detected
[    2.852667] xhci_hcd 0000:0a:00.3: xHCI Host Controller
[    2.852673] xhci_hcd 0000:0a:00.3: new USB bus registered, assigned bus number 5
[    2.852777] xhci_hcd 0000:0a:00.3: hcc params 0x0270f665 hci version 0x100 quirks 0x0000000000000010
[    2.853080] xhci_hcd 0000:0a:00.3: xHCI Host Controller
[    2.853084] xhci_hcd 0000:0a:00.3: new USB bus registered, assigned bus number 6
[    2.853088] xhci_hcd 0000:0a:00.3: Host supports USB 3.0 SuperSpeed
[    2.853136] usb usb5: New USB device found, idVendor=1d6b, idProduct=0002, bcdDevice= 6.08
[    2.853139] usb usb5: New USB device strings: Mfr=3, Product=2, SerialNumber=1
[    2.853141] usb usb5: Product: xHCI Host Controller
[    2.853143] usb usb5: Manufacturer: Linux 6.8.0-45-generic xhci-hcd
[    2.853145] usb usb5: SerialNumber: 0000:0a:00.3
[    2.853268] hub 5-0:1.0: USB hub found
[    2.853277] hub 5-0:1.0: 4 ports detected
[    2.853534] usb usb6: We don't know the algorithms for LPM for this host, disabling LPM.
[    2.853561] usb usb6: New USB device found, idVendor=1d6b, idProduct=0003, bcdDevice= 6.08
[    2.853564] usb usb6: New USB device strings: Mfr=3, Product=2, SerialNumber=1
[    2.853566] usb usb6: Product: xHCI Host Controller
[    2.853568] usb usb6: Manufacturer: Linux 6.8.0-45-generic xhci-hcd
[    2.853570] usb usb6: SerialNumber: 0000:0a:00.3
[    2.853684] hub 6-0:1.0: USB hub found
[    2.853693] hub 6-0:1.0: 4 ports detected
[    3.097486] usb 5-1: new high-speed USB device number 2 using xhci_hcd
[    3.109640] ata1: SATA link down (SStatus 0 SControl 330)
[    3.109640] ata9: SATA link down (SStatus 0 SControl 300)
[    3.151485] usb 1-6: new full-speed USB device number 2 using xhci_hcd
[    3.238634] usb 5-1: New USB device found, idVendor=0bda, idProduct=5411, bcdDevice= 0.01
[    3.238642] usb 5-1: New USB device strings: Mfr=1, Product=2, SerialNumber=0
[    3.238648] usb 5-1: Product: USB2.1 Hub
[    3.238652] usb 5-1: Manufacturer: Generic
[    3.302875] hub 5-1:1.0: USB hub found
[    3.304114] hub 5-1:1.0: 4 ports detected
[    3.365803] usb 6-1: new SuperSpeed USB device number 2 using xhci_hcd
[    3.390635] usb 6-1: New USB device found, idVendor=0bda, idProduct=0411, bcdDevice= 0.01
[    3.390643] usb 6-1: New USB device strings: Mfr=1, Product=2, SerialNumber=0
[    3.390649] usb 6-1: Product: USB3.2 Hub
[    3.390653] usb 6-1: Manufacturer: Generic
[    3.414297] hub 6-1:1.0: USB hub found
[    3.415693] hub 6-1:1.0: 4 ports detected
[    3.421389] ata2: SATA link down (SStatus 0 SControl 330)
[    3.437331] usb 1-6: New USB device found, idVendor=222a, idProduct=0001, bcdDevice= 0.02
[    3.437339] usb 1-6: New USB device strings: Mfr=1, Product=2, SerialNumber=0
[    3.437345] usb 1-6: Product: ILITEK-TP
[    3.437349] usb 1-6: Manufacturer: ILITEK
[    3.498495] usb 5-2: new high-speed USB device number 3 using xhci_hcd
[    3.629630] usb 5-2: New USB device found, idVendor=03e7, idProduct=2485, bcdDevice= 0.01
[    3.629638] usb 5-2: New USB device strings: Mfr=1, Product=2, SerialNumber=3
[    3.629643] usb 5-2: Product: Movidius MyriadX
[    3.629648] usb 5-2: Manufacturer: Movidius Ltd.
[    3.629652] usb 5-2: SerialNumber: 03e72485
[    3.701481] usb 5-1.1: new high-speed USB device number 4 using xhci_hcd
[    3.733404] ata5: SATA link down (SStatus 0 SControl 330)
[    3.805619] usb 5-1.1: New USB device found, idVendor=0bda, idProduct=5411, bcdDevice= 0.02
[    3.805626] usb 5-1.1: New USB device strings: Mfr=1, Product=2, SerialNumber=0
[    3.805631] usb 5-1.1: Product: USB2.1 Hub
[    3.805634] usb 5-1.1: Manufacturer: Generic
[    3.845961] hub 5-1.1:1.0: USB hub found
[    3.848244] hub 5-1.1:1.0: 4 ports detected
[    3.877800] usb 6-1.1: new SuperSpeed USB device number 3 using xhci_hcd
[    3.902617] usb 6-1.1: New USB device found, idVendor=0bda, idProduct=0411, bcdDevice= 0.02
[    3.902624] usb 6-1.1: New USB device strings: Mfr=1, Product=2, SerialNumber=0
[    3.902629] usb 6-1.1: Product: USB3.2 Hub
[    3.902633] usb 6-1.1: Manufacturer: Generic
[    3.942237] hub 6-1.1:1.0: USB hub found
[    3.943765] hub 6-1.1:1.0: 4 ports detected
[    4.199484] ata6: SATA link up 6.0 Gbps (SStatus 133 SControl 300)
[    4.199935] ata6.00: ATA-9: WDC WDS120G2G0A-00JH30, UE450000, max UDMA/133
[    4.199941] ata6.00: 234455040 sectors, multi 1: LBA48 NCQ (depth 32)
[    4.201006] ata6.00: Features: Dev-Sleep
[    4.205574] ata6.00: configured for UDMA/133
[    4.205780] scsi 5:0:0:0: Direct-Access     ATA      WDC WDS120G2G0A- 0000 PQ: 0 ANSI: 5
[    4.206320] sd 5:0:0:0: Attached scsi generic sg0 type 0
[    4.206379] sd 5:0:0:0: [sda] 234455040 512-byte logical blocks: (120 GB/112 GiB)
[    4.206397] sd 5:0:0:0: [sda] Write Protect is off
[    4.206402] sd 5:0:0:0: [sda] Mode Sense: 00 3a 00 00
[    4.206426] sd 5:0:0:0: [sda] Write cache: enabled, read cache: enabled, doesn't support DPO or FUA
[    4.206492] sd 5:0:0:0: [sda] Preferred minimum I/O size 512 bytes
[    4.209873]  sda: sda1 sda2 sda3 sda4
[    4.210194] sd 5:0:0:0: [sda] Attached SCSI disk
[    4.214473] usb 5-1.1.3: new full-speed USB device number 5 using xhci_hcd
[    4.221316] hid: raw HID events driver (C) Jiri Kosina
[    4.223517] r8169 0000:08:00.0 enp8s0: renamed from eth0
[    4.239076] usbcore: registered new interface driver usbhid
[    4.239079] usbhid: USB HID core driver
[    4.241138] input: ILITEK ILITEK-TP Touchscreen as /devices/pci0000:00/0000:00:01.3/0000:01:00.0/usb1/1-6/1-6:1.0/0003:222A:0001.0001/input/input2
[    4.241308] hid-generic 0003:222A:0001.0001: input,hiddev0,hidraw0: USB HID v1.10 Device [ILITEK ILITEK-TP] on usb-0000:01:00.0-6/input0
[    4.313135] usb 5-1.1.3: New USB device found, idVendor=1a86, idProduct=55d4, bcdDevice= 4.44
[    4.313144] usb 5-1.1.3: New USB device strings: Mfr=0, Product=2, SerialNumber=3
[    4.313150] usb 5-1.1.3: Product: USB Single Serial
[    4.313155] usb 5-1.1.3: SerialNumber: 56BC000758
[    5.217461] nvidia-gpu 0000:09:00.3: i2c timeout error e0000000
[    5.217470] ucsi_ccg 0-0008: i2c_transfer failed -110
[    5.217476] ucsi_ccg 0-0008: ucsi_ccg_init failed - -110
[    5.217481] ucsi_ccg: probe of 0-0008 failed with error -110
[    5.263695] fbcon: Taking over console
[    5.266987] Console: switching to colour frame buffer device 128x48
[    5.273800] EXT4-fs (sda4): mounted filesystem ed043098-de14-4d2e-bd6f-8f06b174ed54 ro with ordered data mode. Quota mode: none.
[    5.505938] systemd[1]: Inserted module 'autofs4'
[    5.539844] systemd[1]: systemd 249.11-0ubuntu3.12 running in system mode (+PAM +AUDIT +SELINUX +APPARMOR +IMA +SMACK +SECCOMP +GCRYPT +GNUTLS +OPENSSL +ACL +BLKID +CURL +ELFUTILS +FIDO2 +IDN2 -IDN +IPTC +KMOD +LIBCRYPTSETUP +LIBFDISK +PCRE2 -PWQUALITY -P11KIT -QRENCODE +BZIP2 +LZ4 +XZ +ZLIB +ZSTD -XKBCOMMON +UTMP +SYSVINIT default-hierarchy=unified)
[    5.540054] systemd[1]: Detected architecture x86-64.
[    5.540977] systemd[1]: Hostname set to <greenpi>.
[    5.627524] block sda: the capability attribute has been deprecated.
[    5.712134] systemd[1]: Configuration file /run/systemd/system/netplan-ovs-cleanup.service is marked world-inaccessible. This has no effect as configuration data is accessible via APIs without restrictions. Proceeding anyway.
[    5.765197] systemd[1]: /etc/systemd/system/anydesk.service:9: PIDFile= references a path below legacy directory /var/run/, updating /var/run/anydesk.pid  /run/anydesk.pid; please update the unit file accordingly.
[    5.800161] systemd[1]: Queued start job for default target Graphical Interface.
[    5.809969] systemd[1]: Created slice Slice /system/modprobe.
[    5.810299] systemd[1]: Created slice Slice /system/systemd-fsck.
[    5.810545] systemd[1]: Created slice User and Session Slice.
[    5.810612] systemd[1]: Started Forward Password Requests to Wall Directory Watch.
[    5.810771] systemd[1]: Set up automount Arbitrary Executable File Formats File System Automount Point.
[    5.810816] systemd[1]: Reached target User and Group Name Lookups.
[    5.810827] systemd[1]: Reached target Remote File Systems.
[    5.810836] systemd[1]: Reached target Slice Units.
[    5.810848] systemd[1]: Reached target Mounting snaps.
[    5.810860] systemd[1]: Reached target Swaps.
[    5.810874] systemd[1]: Reached target Local Verity Protected Volumes.
[    5.810985] systemd[1]: Listening on Syslog Socket.
[    5.811070] systemd[1]: Listening on fsck to fsckd communication Socket.
[    5.811122] systemd[1]: Listening on initctl Compatibility Named Pipe.
[    5.811288] systemd[1]: Listening on Journal Audit Socket.
[    5.811380] systemd[1]: Listening on Journal Socket (/dev/log).
[    5.811492] systemd[1]: Listening on Journal Socket.
[    5.811859] systemd[1]: Listening on udev Control Socket.
[    5.811945] systemd[1]: Listening on udev Kernel Socket.
[    5.812762] systemd[1]: Mounting Huge Pages File System...
[    5.813604] systemd[1]: Mounting POSIX Message Queue File System...
[    5.814522] systemd[1]: Mounting Kernel Debug File System...
[    5.815387] systemd[1]: Mounting Kernel Trace File System...
[    5.817150] systemd[1]: Starting Journal Service...
[    5.818143] systemd[1]: Starting Set the console keyboard layout...
[    5.819048] systemd[1]: Starting Create List of Static Device Nodes...
[    5.819943] systemd[1]: Starting Load Kernel Module configfs...
[    5.820850] systemd[1]: Starting Load Kernel Module drm...
[    5.821849] systemd[1]: Starting Load Kernel Module efi_pstore...
[    5.822780] systemd[1]: Starting Load Kernel Module fuse...
[    5.822914] systemd[1]: Condition check resulted in File System Check on Root Device being skipped.
[    5.825688] systemd[1]: Starting Load Kernel Modules...
[    5.826588] systemd[1]: Starting Remount Root and Kernel File Systems...
[    5.827433] systemd[1]: Starting Coldplug All udev Devices...
[    5.828689] systemd[1]: Mounted Huge Pages File System.
[    5.828780] systemd[1]: Mounted POSIX Message Queue File System.
[    5.828859] systemd[1]: Mounted Kernel Debug File System.
[    5.828944] systemd[1]: Mounted Kernel Trace File System.
[    5.829301] systemd[1]: Finished Create List of Static Device Nodes.
[    5.829616] systemd[1]: modprobe@configfs.service: Deactivated successfully.
[    5.829913] systemd[1]: Finished Load Kernel Module configfs.
[    5.830161] systemd[1]: modprobe@drm.service: Deactivated successfully.
[    5.830447] systemd[1]: Finished Load Kernel Module drm.
[    5.830702] systemd[1]: modprobe@fuse.service: Deactivated successfully.
[    5.830988] systemd[1]: Finished Load Kernel Module fuse.
[    5.831328] pstore: Using crash dump compression: deflate
[    5.832002] systemd[1]: Mounting FUSE Control File System...
[    5.833217] systemd[1]: Mounting Kernel Configuration File System...
[    5.833800] pstore: Registered efi_pstore as persistent store backend
[    5.834471] systemd[1]: Mounted FUSE Control File System.
[    5.834721] systemd[1]: modprobe@efi_pstore.service: Deactivated successfully.
[    5.835017] systemd[1]: Finished Load Kernel Module efi_pstore.
[    5.835531] systemd[1]: Mounted Kernel Configuration File System.
[    5.852095] lp: driver loaded but no devices found
[    5.852494] EXT4-fs (sda4): re-mounted ed043098-de14-4d2e-bd6f-8f06b174ed54 r/w. Quota mode: none.
[    5.853829] systemd[1]: Finished Remount Root and Kernel File Systems.
[    5.853951] systemd[1]: Condition check resulted in Platform Persistent Storage Archival being skipped.
[    5.855791] ppdev: user-space parallel port driver
[    5.865675] systemd[1]: Starting Load/Save Random Seed...
[    5.866768] systemd[1]: Starting Create System Users...
[    5.875066] systemd[1]: Finished Set the console keyboard layout.
[    5.877628] systemd[1]: Finished Load Kernel Modules.
[    5.878713] systemd[1]: Starting Apply Kernel Variables...
[    5.882374] systemd[1]: Finished Load/Save Random Seed.
[    5.882498] systemd[1]: Condition check resulted in First Boot Complete being skipped.
[    5.886689] systemd[1]: Finished Create System Users.
[    5.887719] systemd[1]: Starting Create Static Device Nodes in /dev...
[    5.896978] systemd[1]: Started Journal Service.
[    5.904485] systemd-journald[357]: Received client request to flush runtime journal.
[    5.930660] loop0: detected capacity change from 0 to 8
[    5.932020] loop1: detected capacity change from 0 to 152112
[    5.934858] loop2: detected capacity change from 0 to 152056
[    5.937931] loop3: detected capacity change from 0 to 555776
[    5.940632] loop4: detected capacity change from 0 to 556304
[    5.944988] loop5: detected capacity change from 0 to 1017816
[    5.949383] loop6: detected capacity change from 0 to 1034424
[    5.950668] loop7: detected capacity change from 0 to 187776
[    5.958424] loop8: detected capacity change from 0 to 26472
[    5.958464] loop9: detected capacity change from 0 to 24984
[    5.962490] loop10: detected capacity change from 0 to 82800
[    5.965344] loop11: detected capacity change from 0 to 79520
[    5.969519] loop12: detected capacity change from 0 to 1000
[    5.972395] loop13: detected capacity change from 0 to 1128
[    6.302521] ccp 0000:0a:00.2: enabling device (0000 -> 0002)
[    6.303220] ccp 0000:0a:00.2: ccp enabled
[    6.303244] ccp 0000:0a:00.2: psp enabled
[    6.469578] RAPL PMU: API unit is 2^-32 Joules, 1 fixed counters, 163840 ms ovfl timer
[    6.469583] RAPL PMU: hw unit of domain package 2^-16 Joules
[    6.503039] cryptd: max_cpu_qlen set to 1000
[    6.561067] cdc_acm 5-1.1.3:1.0: ttyACM0: USB ACM device
[    6.561101] usbcore: registered new interface driver cdc_acm
[    6.561103] cdc_acm: USB Abstract Control Model driver for USB modems and ISDN adapters
[    6.574349] AVX2 version of gcm_enc/dec engaged.
[    6.574412] AES CTR mode by8 optimization enabled
[    6.604904] input: ILITEK ILITEK-TP as /devices/pci0000:00/0000:00:01.3/0000:01:00.0/usb1/1-6/1-6:1.0/0003:222A:0001.0001/input/input4
[    6.605114] hid-multitouch 0003:222A:0001.0001: input,hiddev0,hidraw0: USB HID v1.10 Device [ILITEK ILITEK-TP] on usb-0000:01:00.0-6/input0
[    6.742726] MCE: In-kernel MCE decoding enabled.
[    6.864385] snd_hda_intel 0000:09:00.1: Disabling MSI
[    6.864409] snd_hda_intel 0000:09:00.1: Handle vga_switcheroo audio client
[    6.864516] snd_hda_intel 0000:0b:00.3: enabling device (0000 -> 0002)
[    6.892630] input: HDA NVidia HDMI/DP,pcm=3 as /devices/pci0000:00/0000:00:03.1/0000:09:00.1/sound/card0/input6
[    6.892712] input: HDA NVidia HDMI/DP,pcm=7 as /devices/pci0000:00/0000:00:03.1/0000:09:00.1/sound/card0/input7
[    6.892827] input: HDA NVidia HDMI/DP,pcm=8 as /devices/pci0000:00/0000:00:03.1/0000:09:00.1/sound/card0/input8
[    6.892910] input: HDA NVidia HDMI/DP,pcm=9 as /devices/pci0000:00/0000:00:03.1/0000:09:00.1/sound/card0/input9
[    6.907223] snd_hda_codec_realtek hdaudioC1D0: autoconfig for ALC897: line_outs=1 (0x14/0x0/0x0/0x0/0x0) type:line
[    6.907237] snd_hda_codec_realtek hdaudioC1D0:    speaker_outs=0 (0x0/0x0/0x0/0x0/0x0)
[    6.907243] snd_hda_codec_realtek hdaudioC1D0:    hp_outs=1 (0x1b/0x0/0x0/0x0/0x0)
[    6.907249] snd_hda_codec_realtek hdaudioC1D0:    mono: mono_out=0x0
[    6.907253] snd_hda_codec_realtek hdaudioC1D0:    inputs:
[    6.907258] snd_hda_codec_realtek hdaudioC1D0:      Front Mic=0x19
[    6.907263] snd_hda_codec_realtek hdaudioC1D0:      Rear Mic=0x18
[    6.907268] snd_hda_codec_realtek hdaudioC1D0:      Line=0x1a
[    6.923297] input: HD-Audio Generic Front Mic as /devices/pci0000:00/0000:00:08.1/0000:0b:00.3/sound/card1/input10
[    6.923455] input: HD-Audio Generic Rear Mic as /devices/pci0000:00/0000:00:08.1/0000:0b:00.3/sound/card1/input11
[    6.923595] input: HD-Audio Generic Line as /devices/pci0000:00/0000:00:08.1/0000:0b:00.3/sound/card1/input12
[    6.923757] input: HD-Audio Generic Line Out as /devices/pci0000:00/0000:00:08.1/0000:0b:00.3/sound/card1/input13
[    6.924063] input: HD-Audio Generic Front Headphone as /devices/pci0000:00/0000:00:08.1/0000:0b:00.3/sound/card1/input14
[    7.079523] nvidia: loading out-of-tree module taints kernel.
[    7.079540] nvidia: module license 'NVIDIA' taints kernel.
[    7.079542] Disabling lock debugging due to kernel taint
[    7.079550] nvidia: module verification failed: signature and/or required key missing - tainting kernel
[    7.079552] nvidia: module license taints kernel.
[    7.092137] intel_rapl_common: Found RAPL domain package
[    7.092144] intel_rapl_common: Found RAPL domain core
[    7.203882] nvidia-nvlink: Nvlink Core is being initialized, major device number 238

[    7.205666] nvidia 0000:09:00.0: vgaarb: VGA decodes changed: olddecodes=io+mem,decodes=none:owns=io+mem
[    7.250524] NVRM: loading NVIDIA UNIX x86_64 Kernel Module  550.107.02  Wed Jul 24 23:53:00 UTC 2024
[    7.273246] nvidia-modeset: Loading NVIDIA Kernel Mode Setting Driver for UNIX platforms  550.107.02  Wed Jul 24 23:24:27 UTC 2024
[    7.283647] [drm] [nvidia-drm] [GPU ID 0x00000900] Loading driver
[    7.304904] audit: type=1400 audit(1729078601.255:2): apparmor="STATUS" operation="profile_load" profile="unconfined" name="nvidia_modprobe" pid=628 comm="apparmor_parser"
[    7.304913] audit: type=1400 audit(1729078601.255:3): apparmor="STATUS" operation="profile_load" profile="unconfined" name="nvidia_modprobe//kmod" pid=628 comm="apparmor_parser"
[    7.305043] audit: type=1400 audit(1729078601.255:4): apparmor="STATUS" operation="profile_load" profile="unconfined" name="lsb_release" pid=627 comm="apparmor_parser"
[    7.305294] audit: type=1400 audit(1729078601.255:5): apparmor="STATUS" operation="profile_load" profile="unconfined" name="libreoffice-xpdfimport" pid=640 comm="apparmor_parser"
[    7.305513] audit: type=1400 audit(1729078601.256:6): apparmor="STATUS" operation="profile_load" profile="unconfined" name="libreoffice-senddoc" pid=638 comm="apparmor_parser"
[    7.307343] audit: type=1400 audit(1729078601.257:7): apparmor="STATUS" operation="profile_load" profile="unconfined" name="libreoffice-oosplash" pid=637 comm="apparmor_parser"
[    7.308765] audit: type=1400 audit(1729078601.259:8): apparmor="STATUS" operation="profile_load" profile="unconfined" name="/usr/bin/man" pid=635 comm="apparmor_parser"
[    7.308771] audit: type=1400 audit(1729078601.259:9): apparmor="STATUS" operation="profile_load" profile="unconfined" name="man_filter" pid=635 comm="apparmor_parser"
[    7.308775] audit: type=1400 audit(1729078601.259:10): apparmor="STATUS" operation="profile_load" profile="unconfined" name="man_groff" pid=635 comm="apparmor_parser"
[    7.318837] audit: type=1400 audit(1729078601.269:11): apparmor="STATUS" operation="profile_load" profile="unconfined" name="tcpdump" pid=636 comm="apparmor_parser"
[    8.242410] [drm] Initialized nvidia-drm 0.0.0 20160202 for 0000:09:00.0 on minor 1
[    8.300251] nvidia_uvm: module uses symbols nvUvmInterfaceDisableAccessCntr from proprietary module nvidia, inheriting taint.
[    8.348650] nvidia-uvm: Loaded the UVM driver, major device number 236.
[    8.558195] process '/usr/bin/anydesk' started with executable stack
[    8.875486] Generic FE-GE Realtek PHY r8169-0-800:00: attached PHY driver (mii_bus:phy_addr=r8169-0-800:00, irq=MAC)
[    8.942375] loop14: detected capacity change from 0 to 8
[    9.045569] r8169 0000:08:00.0 enp8s0: Link is Down
[   12.340003] r8169 0000:08:00.0 enp8s0: Link is Up - 1Gbps/Full - flow control off
[   13.321513] kauditd_printk_skb: 51 callbacks suppressed
[   13.321517] audit: type=1400 audit(1729078607.272:63): apparmor="DENIED" operation="capable" class="cap" profile="/usr/lib/snapd/snap-confine" pid=1542 comm="snap-confine" capability=12  capname="net_admin"
[   13.321535] audit: type=1400 audit(1729078607.272:64): apparmor="DENIED" operation="capable" class="cap" profile="/usr/lib/snapd/snap-confine" pid=1542 comm="snap-confine" capability=38  capname="perfmon"
[   13.481979] audit: type=1400 audit(1729078607.432:65): apparmor="DENIED" operation="symlink" class="file" profile="snap.snapd-desktop-integration.snapd-desktop-integration" name="/dev/char/195:255" pid=1635 comm="snapd-desktop-i" requested_mask="c" denied_mask="c" fsuid=1000 ouid=1000
[   13.487016] audit: type=1400 audit(1729078607.437:66): apparmor="DENIED" operation="symlink" class="file" profile="snap.snapd-desktop-integration.snapd-desktop-integration" name="/dev/char/195:0" pid=1635 comm="snapd-desktop-i" requested_mask="c" denied_mask="c" fsuid=1000 ouid=1000
[   13.487156] audit: type=1400 audit(1729078607.437:67): apparmor="DENIED" operation="symlink" class="file" profile="snap.snapd-desktop-integration.snapd-desktop-integration" name="/dev/char/195:0" pid=1635 comm="snapd-desktop-i" requested_mask="c" denied_mask="c" fsuid=1000 ouid=1000
[   13.487397] audit: type=1400 audit(1729078607.437:68): apparmor="DENIED" operation="symlink" class="file" profile="snap.snapd-desktop-integration.snapd-desktop-integration" name="/dev/char/195:0" pid=1635 comm="snapd-desktop-i" requested_mask="c" denied_mask="c" fsuid=1000 ouid=1000
[   13.487639] audit: type=1400 audit(1729078607.438:69): apparmor="DENIED" operation="symlink" class="file" profile="snap.snapd-desktop-integration.snapd-desktop-integration" name="/dev/char/195:0" pid=1635 comm="snapd-desktop-i" requested_mask="c" denied_mask="c" fsuid=1000 ouid=1000
[   13.498776] audit: type=1400 audit(1729078607.449:70): apparmor="DENIED" operation="symlink" class="file" profile="snap.snapd-desktop-integration.snapd-desktop-integration" name="/dev/char/195:255" pid=1635 comm="snapd-desktop-i" requested_mask="c" denied_mask="c" fsuid=1000 ouid=1000
[   13.499030] audit: type=1400 audit(1729078607.449:71): apparmor="DENIED" operation="symlink" class="file" profile="snap.snapd-desktop-integration.snapd-desktop-integration" name="/dev/char/195:254" pid=1635 comm="snapd-desktop-i" requested_mask="c" denied_mask="c" fsuid=1000 ouid=1000
[   13.499152] audit: type=1400 audit(1729078607.449:72): apparmor="DENIED" operation="symlink" class="file" profile="snap.snapd-desktop-integration.snapd-desktop-integration" name="/dev/char/195:0" pid=1635 comm="snapd-desktop-i" requested_mask="c" denied_mask="c" fsuid=1000 ouid=1000
[   13.861302] rfkill: input handler disabled
[  178.020406] EXT4-fs (sda3): mounted filesystem bf6ae68d-56f3-4531-b47d-5803cd7dd5ff r/w with ordered data mode. Quota mode: none.
[  231.784528] usb 5-2: USB disconnect, device number 3
[  232.649810] usb 5-2: new high-speed USB device number 6 using xhci_hcd
[  232.777562] usb 5-2: New USB device found, idVendor=03e7, idProduct=f63b, bcdDevice= 1.00
[  232.777574] usb 5-2: New USB device strings: Mfr=1, Product=2, SerialNumber=3
[  232.777579] usb 5-2: Product: Luxonis Device
[  232.777584] usb 5-2: Manufacturer: Intel Corporation
[  232.777589] usb 5-2: SerialNumber: 18443010911B091300
[  254.815464] usb 5-2: USB disconnect, device number 6
[  255.248796] usb 5-2: new high-speed USB device number 7 using xhci_hcd
[  255.376102] usb 5-2: New USB device found, idVendor=03e7, idProduct=2485, bcdDevice= 0.01
[  255.376114] usb 5-2: New USB device strings: Mfr=1, Product=2, SerialNumber=3
[  255.376119] usb 5-2: Product: Movidius MyriadX
[  255.376123] usb 5-2: Manufacturer: Movidius Ltd.
[  255.376128] usb 5-2: SerialNumber: 03e72485
greenpi@greenpi:~$ sudo dmesg -W
[  288.143476] usb 5-2: USB disconnect, device number 7
[  289.012915] usb 5-2: new high-speed USB device number 8 using xhci_hcd
[  289.140649] usb 5-2: New USB device found, idVendor=03e7, idProduct=f63b, bcdDevice= 1.00
[  289.140660] usb 5-2: New USB device strings: Mfr=1, Product=2, SerialNumber=3
[  289.140665] usb 5-2: Product: Luxonis Device
[  289.140669] usb 5-2: Manufacturer: Intel Corporation
[  289.140673] usb 5-2: SerialNumber: 18443010911B091300
[  296.460317] usb 5-2: USB disconnect, device number 8
[  296.693161] usb 5-2: new high-speed USB device number 9 using xhci_hcd
[  296.819456] usb 5-2: New USB device found, idVendor=03e7, idProduct=2485, bcdDevice= 0.01
[  296.819464] usb 5-2: New USB device strings: Mfr=1, Product=2, SerialNumber=3
[  296.819469] usb 5-2: Product: Movidius MyriadX
[  296.819473] usb 5-2: Manufacturer: Movidius Ltd.
[  296.819477] usb 5-2: SerialNumber: 03e72485
